******************************************************************************
                  MSP430 Linker PC v15.12.1                    
******************************************************************************
>> Linked Fri Sep 16 14:11:44 2016

OUTPUT FILE NAME:   <AFE4400beta.out>
ENTRY POINT SYMBOL: "_c_int00_noargs_noexit"  address: 00004b6a


MEMORY CONFIGURATION

         name            origin    length      used     unused   attr    fill
----------------------  --------  ---------  --------  --------  ----  --------
  SFR                   00000000   00000010  00000000  00000010  RWIX
  PERIPHERALS_8BIT      00000010   000000f0  00000000  000000f0  RWIX
  PERIPHERALS_16BIT     00000100   00000100  00000000  00000100  RWIX
  INFOD                 00001800   00000080  00000000  00000080  RWIX
  INFOC                 00001880   00000080  00000000  00000080  RWIX
  INFOB                 00001900   00000080  00000000  00000080  RWIX
  INFOA                 00001980   00000080  00000000  00000080  RWIX
  USBRAM                00001c00   00000800  00000000  00000800  RWIX
  RAM                   00002400   00002000  00001fb6  0000004a  RWIX
  FLASH                 00004400   0000bb80  00001820  0000a360  RWIX
  INT00                 0000ff80   00000002  00000000  00000002  RWIX
  INT01                 0000ff82   00000002  00000000  00000002  RWIX
  INT02                 0000ff84   00000002  00000000  00000002  RWIX
  INT03                 0000ff86   00000002  00000000  00000002  RWIX
  INT04                 0000ff88   00000002  00000000  00000002  RWIX
  INT05                 0000ff8a   00000002  00000000  00000002  RWIX
  INT06                 0000ff8c   00000002  00000000  00000002  RWIX
  INT07                 0000ff8e   00000002  00000000  00000002  RWIX
  INT08                 0000ff90   00000002  00000000  00000002  RWIX
  INT09                 0000ff92   00000002  00000000  00000002  RWIX
  INT10                 0000ff94   00000002  00000000  00000002  RWIX
  INT11                 0000ff96   00000002  00000000  00000002  RWIX
  INT12                 0000ff98   00000002  00000000  00000002  RWIX
  INT13                 0000ff9a   00000002  00000000  00000002  RWIX
  INT14                 0000ff9c   00000002  00000000  00000002  RWIX
  INT15                 0000ff9e   00000002  00000000  00000002  RWIX
  INT16                 0000ffa0   00000002  00000000  00000002  RWIX
  INT17                 0000ffa2   00000002  00000000  00000002  RWIX
  INT18                 0000ffa4   00000002  00000000  00000002  RWIX
  INT19                 0000ffa6   00000002  00000000  00000002  RWIX
  INT20                 0000ffa8   00000002  00000000  00000002  RWIX
  INT21                 0000ffaa   00000002  00000000  00000002  RWIX
  INT22                 0000ffac   00000002  00000000  00000002  RWIX
  INT23                 0000ffae   00000002  00000000  00000002  RWIX
  INT24                 0000ffb0   00000002  00000000  00000002  RWIX
  INT25                 0000ffb2   00000002  00000000  00000002  RWIX
  INT26                 0000ffb4   00000002  00000000  00000002  RWIX
  INT27                 0000ffb6   00000002  00000000  00000002  RWIX
  INT28                 0000ffb8   00000002  00000000  00000002  RWIX
  INT29                 0000ffba   00000002  00000000  00000002  RWIX
  INT30                 0000ffbc   00000002  00000000  00000002  RWIX
  INT31                 0000ffbe   00000002  00000000  00000002  RWIX
  INT32                 0000ffc0   00000002  00000000  00000002  RWIX
  INT33                 0000ffc2   00000002  00000000  00000002  RWIX
  INT34                 0000ffc4   00000002  00000000  00000002  RWIX
  INT35                 0000ffc6   00000002  00000000  00000002  RWIX
  INT36                 0000ffc8   00000002  00000000  00000002  RWIX
  INT37                 0000ffca   00000002  00000000  00000002  RWIX
  INT38                 0000ffcc   00000002  00000000  00000002  RWIX
  INT39                 0000ffce   00000002  00000000  00000002  RWIX
  INT40                 0000ffd0   00000002  00000000  00000002  RWIX
  INT41                 0000ffd2   00000002  00000002  00000000  RWIX
  INT42                 0000ffd4   00000002  00000002  00000000  RWIX
  INT43                 0000ffd6   00000002  00000002  00000000  RWIX
  INT44                 0000ffd8   00000002  00000002  00000000  RWIX
  INT45                 0000ffda   00000002  00000002  00000000  RWIX
  INT46                 0000ffdc   00000002  00000002  00000000  RWIX
  INT47                 0000ffde   00000002  00000002  00000000  RWIX
  INT48                 0000ffe0   00000002  00000002  00000000  RWIX
  INT49                 0000ffe2   00000002  00000002  00000000  RWIX
  INT50                 0000ffe4   00000002  00000002  00000000  RWIX
  INT51                 0000ffe6   00000002  00000002  00000000  RWIX
  INT52                 0000ffe8   00000002  00000002  00000000  RWIX
  INT53                 0000ffea   00000002  00000002  00000000  RWIX
  INT54                 0000ffec   00000002  00000002  00000000  RWIX
  INT55                 0000ffee   00000002  00000002  00000000  RWIX
  INT56                 0000fff0   00000002  00000002  00000000  RWIX
  INT57                 0000fff2   00000002  00000002  00000000  RWIX
  INT58                 0000fff4   00000002  00000002  00000000  RWIX
  INT59                 0000fff6   00000002  00000002  00000000  RWIX
  INT60                 0000fff8   00000002  00000002  00000000  RWIX
  INT61                 0000fffa   00000002  00000002  00000000  RWIX
  INT62                 0000fffc   00000002  00000002  00000000  RWIX
  RESET                 0000fffe   00000002  00000002  00000000  RWIX
  FLASH2                00010000   00014400  000043c0  00010040  RWIX


SECTION ALLOCATION MAP

 output                                  attributes/
section   page    origin      length       input sections
--------  ----  ----------  ----------   ----------------
.data      0    00002400    000011c2     UNINITIALIZED
                  00002400    00001080     oled.obj (.data:Hzk)
                  00003480    0000009e     main.obj (.data)
                  0000351e    00000090     AFE4400.obj (.data:AFE44xx_Current_Register_Settings)
                  000035ae    00000010     main.obj (.data:group_SpO2)
                  000035be    00000004     main.obj (.data:group_heart_rate)

.bss       0    000035c2    00000cb4     UNINITIALIZED
                  000035c2    00000400     (.common:OLED_GRAM)
                  000039c2    00000200     (.common:Diff_IR_group)
                  00003bc2    00000200     (.common:Diff_RD_group)
                  00003dc2    00000200     (.common:IR_group)
                  00003fc2    00000200     (.common:RD_group)
                  000041c2    00000080     (.common:moving_window)
                  00004242    00000010     (.common:IR_Old)
                  00004252    00000010     (.common:RD_Old)
                  00004262    0000000e     (.common:txString)
                  00004270    00000004     (.common:min)
                  00004274    00000001     (.common:location_min)
                  00004275    00000001     (.common:location_min_adjust)

.stack     0    000042c0    00000140     UNINITIALIZED
                  000042c0    00000004     rts430x_lc_ld_eabi.lib : boot.obj (.stack)
                  000042c4    0000013c     --HOLE--

.text:_isr 
*          0    00004400    000007a0     
                  00004400    000003ba     main.obj (.text:_isr:TimerA0)
                  000047ba    00000286     main.obj (.text:_isr:Port_1)
                  00004a40    0000012a     main.obj (.text:_isr:Port_2)
                  00004b6a    0000001a     rts430x_lc_ld_eabi.lib : boot_special.obj (.text:_isr:_c_int00_noargs_noexit)
                  00004b84    0000000a     main.obj (.text:_isr:USCI_A0_ISR)
                  00004b8e    0000000a     AFE4400.obj (.text:_isr:USCI_B1_ISR)
                  00004b98    00000008     rts430x_lc_ld_eabi.lib : isr_trap.obj (.text:_isr:__TI_ISR_TRAP)

.cinit     0    00005258    000009c8     
                  00005258    000009a3     (.cinit..data.load) [load image, compression = rle]
                  00005bfb    00000001     --HOLE-- [fill = 0]
                  00005bfc    0000000b     (.cinit..bss.load) [load image, compression = rle]
                  00005c07    00000001     --HOLE-- [fill = 0]
                  00005c08    00000008     (__TI_handler_table)
                  00005c10    00000010     (__TI_cinit_table)

.init_array 
*          0    00004400    00000000     UNINITIALIZED

.const     0    00004ba0    000006b8     
                  00004ba0    000005f0     oled.obj (.const:.string:F8X16)
                  00005190    00000068     main.obj (.const:.string)
                  000051f8    00000018     main.obj (.const:IR_A)
                  00005210    00000018     main.obj (.const:IR_B)
                  00005228    00000018     main.obj (.const:RD_A)
                  00005240    00000018     main.obj (.const:RD_B)

RTC        0    0000ffd2    00000002     
                  0000ffd2    00000002     rts430x_lc_ld_eabi.lib : int41.obj (.int41)

PORT2      0    0000ffd4    00000002     
                  0000ffd4    00000002     main.obj (.int42)

TIMER2_A1 
*          0    0000ffd6    00000002     
                  0000ffd6    00000002     rts430x_lc_ld_eabi.lib : int43.obj (.int43)

TIMER2_A0 
*          0    0000ffd8    00000002     
                  0000ffd8    00000002     rts430x_lc_ld_eabi.lib : int44.obj (.int44)

USCI_B1    0    0000ffda    00000002     
                  0000ffda    00000002     AFE4400.obj (.int45)

USCI_A1    0    0000ffdc    00000002     
                  0000ffdc    00000002     rts430x_lc_ld_eabi.lib : int46.obj (.int46)

PORT1      0    0000ffde    00000002     
                  0000ffde    00000002     main.obj (.int47)

TIMER1_A1 
*          0    0000ffe0    00000002     
                  0000ffe0    00000002     rts430x_lc_ld_eabi.lib : int48.obj (.int48)

TIMER1_A0 
*          0    0000ffe2    00000002     
                  0000ffe2    00000002     rts430x_lc_ld_eabi.lib : int49.obj (.int49)

DMA        0    0000ffe4    00000002     
                  0000ffe4    00000002     rts430x_lc_ld_eabi.lib : int50.obj (.int50)

USB_UBM    0    0000ffe6    00000002     
                  0000ffe6    00000002     rts430x_lc_ld_eabi.lib : int51.obj (.int51)

TIMER0_A1 
*          0    0000ffe8    00000002     
                  0000ffe8    00000002     rts430x_lc_ld_eabi.lib : int52.obj (.int52)

TIMER0_A0 
*          0    0000ffea    00000002     
                  0000ffea    00000002     main.obj (.int53)

ADC12      0    0000ffec    00000002     
                  0000ffec    00000002     rts430x_lc_ld_eabi.lib : int54.obj (.int54)

USCI_B0    0    0000ffee    00000002     
                  0000ffee    00000002     rts430x_lc_ld_eabi.lib : int55.obj (.int55)

USCI_A0    0    0000fff0    00000002     
                  0000fff0    00000002     main.obj (.int56)

WDT        0    0000fff2    00000002     
                  0000fff2    00000002     rts430x_lc_ld_eabi.lib : int57.obj (.int57)

TIMER0_B1 
*          0    0000fff4    00000002     
                  0000fff4    00000002     rts430x_lc_ld_eabi.lib : int58.obj (.int58)

TIMER0_B0 
*          0    0000fff6    00000002     
                  0000fff6    00000002     rts430x_lc_ld_eabi.lib : int59.obj (.int59)

COMP_B     0    0000fff8    00000002     
                  0000fff8    00000002     rts430x_lc_ld_eabi.lib : int60.obj (.int60)

UNMI       0    0000fffa    00000002     
                  0000fffa    00000002     rts430x_lc_ld_eabi.lib : int61.obj (.int61)

SYSNMI     0    0000fffc    00000002     
                  0000fffc    00000002     rts430x_lc_ld_eabi.lib : int62.obj (.int62)

.reset     0    0000fffe    00000002     
                  0000fffe    00000002     rts430x_lc_ld_eabi.lib : boot.obj (.reset)

.text      0    00010000    000043c0     
                  00010000    000010f8     oled.obj (.text:choose)
                  000110f8    00000900     main.obj (.text:main)
                  000119f8    00000486     rts430x_lc_ld_eabi.lib : frcdivd.obj (.text:__TI_frcdivd)
                  00011e7e    000002e4                            : frcmpyd.obj (.text:__TI_frcmpyd)
                  00012162    000002d8                            : addd.obj (.text:__mspabi_addd)
                  0001243a    00000282                            : mpyd.obj (.text:__mspabi_mpyd)
                  000126bc    00000252                            : frcaddd.obj (.text:__TI_frcaddd)
                  0001290e    00000222                            : divd.obj (.text:__mspabi_divd)
                  00012b30    000001f4     AFE4400.obj (.text:AFE44xx_Default_Reg_Init)
                  00012d24    00000188     main.obj (.text:IR_Filter)
                  00012eac    00000188     main.obj (.text:RD_Filter)
                  00013034    000000ea     oled.obj (.text:Oled_Init)
                  0001311e    000000d4     HAL_PMM.obj (.text:SetVCoreUp)
                  000131f2    000000b2     rts430x_lc_ld_eabi.lib : renormd.obj (.text:__TI_renormd)
                  000132a4    000000a8                            : autoinit_wdt.obj (.text:_auto_init_hold_wdt)
                  0001334c    000000a4     oled.obj (.text:OLED_ShowNum)
                  000133f0    0000009e     rts430x_lc_ld_eabi.lib : fltlid.obj (.text:__mspabi_fltlid)
                  0001348e    0000009a     HAL_PMM.obj (.text:SetVCoreDown)
                  00013528    00000098     HTU21D.obj (.text:READ_T)
                  000135c0    00000096     HTU21D.obj (.text:IIC_Send)
                  00013656    00000092     HTU21D.obj (.text:READ_RH)
                  000136e8    0000007c     oled.obj (.text:team_name)
                  00013764    00000072     rts430x_lc_ld_eabi.lib : cpy_tbl.obj (.text:copy_in)
                  000137d6    0000006c     AFE4400.obj (.text:AFE44x0_Reg_Read)
                  00013842    0000006c     oled.obj (.text:OLED_ShowChar)
                  000138ae    00000068     rts430x_lc_ld_eabi.lib : copy_decompress_rle.obj (.text:__TI_decompress_rle_core)
                  00013916    00000066     oled.obj (.text:OLED_ShowCHinese)
                  0001397c    00000066     rts430x_lc_ld_eabi.lib : fixdli.obj (.text:__mspabi_fixdli)
                  000139e2    00000058     AFE4400.obj (.text:AFE44x0_Reg_Write)
                  00013a3a    00000058     rts430x_lc_ld_eabi.lib : div32u.obj (.text)
                  00013a92    00000056     UV6070.obj (.text:UV_Read)
                  00013ae8    00000054     BH1750FVI.obj (.text:Read_BH1750FVI)
                  00013b3c    00000052     oled.obj (.text:OLED_DrawPoint)
                  00013b8e    0000004e     AFE4400.obj (.text:Disable_AFE44x0_SPI_Read)
                  00013bdc    0000004e     AFE4400.obj (.text:Enable_AFE44x0_SPI_Read)
                  00013c2a    0000004a     main.obj (.text:WARNING)
                  00013c74    00000048     oled.obj (.text:OLED_Clear)
                  00013cbc    00000048     oled.obj (.text:OLED_RefleshGram)
                  00013d04    00000042     AFE4400.obj (.text:AFE44xx_PowerOn_Init)
                  00013d46    00000042     oled.obj (.text:OLED_ShowString)
                  00013d88    00000040     HAL_PMM.obj (.text:SetVCore)
                  00013dc8    00000040     rts430x_lc_ld_eabi.lib : div32s.obj (.text)
                  00013e08    0000003e     oled.obj (.text:IIC_ReadByte)
                  00013e46    0000003e     rts430x_lc_ld_eabi.lib : asr32.obj (.text:l_asr_const)
                  00013e84    0000003e                            : lsl32.obj (.text:l_lsl_const)
                  00013ec2    0000003e                            : lsr32.obj (.text:l_lsr_const)
                  00013f00    00000036     oled.obj (.text:IIC_SendByte)
                  00013f36    00000036     AFE4400.obj (.text:Spi_Init)
                  00013f6c    00000034     oled.obj (.text:IIC_SendAck)
                  00013fa0    00000032     oled.obj (.text:OLED_Fill)
                  00013fd2    00000032     rts430x_lc_ld_eabi.lib : subd.obj (.text:__mspabi_subd)
                  00014004    00000030     oled.obj (.text:fill_picture)
                  00014034    0000002e     oled.obj (.text:IIC_Start)
                  00014062    0000002e     oled.obj (.text:WriteData_oled)
                  00014090    0000002c     oled.obj (.text:WriteCommand_oled)
                  000140bc    0000002c     main.obj (.text:diff)
                  000140e8    0000002c     rts430x_lc_ld_eabi.lib : div16s.obj (.text)
                  00014114    0000002a     oled.obj (.text:IIC_Stop)
                  0001413e    0000002a     rts430x_lc_ld_eabi.lib : memcpy.obj (.text:memcpy)
                  00014168    00000028     BH1750FVI.obj (.text:BH_Write)
                  00014190    00000028     rts430x_lc_ld_eabi.lib : fixdi.obj (.text:__mspabi_fixdi)
                  000141b8    00000024     oled.obj (.text:OLED_Set_Pos)
                  000141dc    00000024     rts430x_lc_ld_eabi.lib : mult32_f5hw.obj (.text)
                  00014200    00000020     oled.obj (.text:oled_pow)
                  00014220    0000001e     AFE4400.obj (.text:Init_AFE44xx_DRDY_Interrupt)
                  0001423e    0000001a     HTU21D.obj (.text:HTU21_Init)
                  00014258    0000001a     main.obj (.text:IR_reset)
                  00014272    0000001a     main.obj (.text:RD_reset)
                  0001428c    0000001a     AFE4400.obj (.text:Set_GPIO)
                  000142a6    0000001a     UV6070.obj (.text:UV_Init)
                  000142c0    00000018     BH1750FVI.obj (.text:BH1750FVI_Init)
                  000142d8    00000018     rts430x_lc_ld_eabi.lib : mult16_f5hw.obj (.text)
                  000142f0    00000016     oled.obj (.text:IIC_Wait_Ack)
                  00014306    00000016     rts430x_lc_ld_eabi.lib : copy_decompress_none.obj (.text:decompress:none:__TI_decompress_none)
                  0001431c    00000016                            : div16u.obj (.text)
                  00014332    00000012     oled.obj (.text:IIC_Init)
                  00014344    00000010     BH1750FVI.obj (.text:Start_BH1750)
                  00014354    00000010     rts430x_lc_ld_eabi.lib : asr32.obj (.text:l_asr)
                  00014364    00000010                            : lsl32.obj (.text:l_lsl)
                  00014374    00000010                            : lsr32.obj (.text:l_lsr)
                  00014384    0000000c                            : fltid.obj (.text:__mspabi_fltid)
                  00014390    0000000a     AFE4400.obj (.text:Enable_AFE44xx_DRDY_Interrupt)
                  0001439a    0000000a     AFE4400.obj (.text:Init_AFE44xx_Resource)
                  000143a4    0000000a     rts430x_lc_ld_eabi.lib : lsl16.obj (.text)
                  000143ae    00000006                            : exit.obj (.text:abort)
                  000143b4    00000006                            : copy_decompress_rle.obj (.text:decompress:rle24:__TI_decompress_rle24)
                  000143ba    00000004                            : pre_init.obj (.text:_system_pre_init)
                  000143be    00000002                            : startup.obj (.text:_system_post_cinit)

MODULE SUMMARY

       Module                     code    ro data   rw data
       ------                     ----    -------   -------
    .\
       main.obj                   5166    208       2406   
    +--+--------------------------+-------+---------+---------+
       Total:                     5166    208       2406   
                                                           
    .\AFE4400\
       AFE4400.obj                1058    2         144    
    +--+--------------------------+-------+---------+---------+
       Total:                     1058    2         144    
                                                           
    .\HAL\
       HAL_PMM.obj                430     0         0      
    +--+--------------------------+-------+---------+---------+
       Total:                     430     0         0      
                                                           
    .\OLED\
       oled.obj                   5920    1520      5248   
    +--+--------------------------+-------+---------+---------+
       Total:                     5920    1520      5248   
                                                           
    .\PLUS\
       HTU21D.obj                 474     0         0      
       BH1750FVI.obj              164     0         0      
       UV6070.obj                 112     0         0      
    +--+--------------------------+-------+---------+---------+
       Total:                     750     0         0      
                                                           
    F:\ti\ccsv6\tools\compiler\ti-cgt-msp430_15.12.1.LTS\lib\rts430x_lc_ld_eabi.lib
       frcdivd.obj                1158    0         0      
       frcmpyd.obj                740     0         0      
       addd.obj                   728     0         0      
       mpyd.obj                   642     0         0      
       frcaddd.obj                594     0         0      
       divd.obj                   546     0         0      
       renormd.obj                178     0         0      
       autoinit_wdt.obj           168     0         0      
       fltlid.obj                 158     0         0      
       cpy_tbl.obj                114     0         0      
       copy_decompress_rle.obj    110     0         0      
       fixdli.obj                 102     0         0      
       div32u.obj                 88      0         0      
       asr32.obj                  78      0         0      
       lsl32.obj                  78      0         0      
       lsr32.obj                  78      0         0      
       div32s.obj                 64      0         0      
       subd.obj                   50      0         0      
       div16s.obj                 44      0         0      
       memcpy.obj                 42      0         0      
       fixdi.obj                  40      0         0      
       mult32_f5hw.obj            36      0         0      
       boot_special.obj           26      0         0      
       mult16_f5hw.obj            24      0         0      
       copy_decompress_none.obj   22      0         0      
       div16u.obj                 22      0         0      
       fltid.obj                  12      0         0      
       lsl16.obj                  10      0         0      
       isr_trap.obj               8       0         0      
       exit.obj                   6       0         0      
       pre_init.obj               4       0         0      
       boot.obj                   0       2         0      
       int41.obj                  0       2         0      
       int43.obj                  0       2         0      
       int44.obj                  0       2         0      
       int46.obj                  0       2         0      
       int48.obj                  0       2         0      
       int49.obj                  0       2         0      
       int50.obj                  0       2         0      
       int51.obj                  0       2         0      
       int52.obj                  0       2         0      
       int54.obj                  0       2         0      
       int55.obj                  0       2         0      
       int57.obj                  0       2         0      
       int58.obj                  0       2         0      
       int59.obj                  0       2         0      
       int60.obj                  0       2         0      
       int61.obj                  0       2         0      
       int62.obj                  0       2         0      
       startup.obj                2       0         0      
    +--+--------------------------+-------+---------+---------+
       Total:                     5972    36        0      
                                                           
       Stack:                     0       0         320    
       Linker Generated:          0       2502      0      
    +--+--------------------------+-------+---------+---------+
       Grand Total:               19296   4268      8118   


LINKER GENERATED COPY TABLES

__TI_cinit_table @ 00005c10 records: 2, size/record: 8, table size: 16
	.data: load addr=00005258, load size=000009a3 bytes, run addr=00002400, run size=000011c2 bytes, compression=rle
	.bss: load addr=00005bfc, load size=0000000b bytes, run addr=000035c2, run size=00000cb4 bytes, compression=rle


LINKER GENERATED HANDLER TABLE

__TI_handler_table @ 00005c08 records: 2, size/record: 4, table size: 8
	index: 0, handler: __TI_decompress_rle24
	index: 1, handler: __TI_decompress_none


GLOBAL SYMBOLS: SORTED ALPHABETICALLY BY Name 

address   name                             
-------   ----                             
00000700  ADC12CTL0                        
00000701  ADC12CTL0_H                      
00000700  ADC12CTL0_L                      
00000702  ADC12CTL1                        
00000703  ADC12CTL1_H                      
00000702  ADC12CTL1_L                      
00000704  ADC12CTL2                        
00000705  ADC12CTL2_H                      
00000704  ADC12CTL2_L                      
0000070c  ADC12IE                          
0000070d  ADC12IE_H                        
0000070c  ADC12IE_L                        
0000070a  ADC12IFG                         
0000070b  ADC12IFG_H                       
0000070a  ADC12IFG_L                       
0000070e  ADC12IV                          
0000070f  ADC12IV_H                        
0000070e  ADC12IV_L                        
00000710  ADC12MCTL0                       
00000711  ADC12MCTL1                       
0000071a  ADC12MCTL10                      
0000071b  ADC12MCTL11                      
0000071c  ADC12MCTL12                      
0000071d  ADC12MCTL13                      
0000071e  ADC12MCTL14                      
0000071f  ADC12MCTL15                      
00000712  ADC12MCTL2                       
00000713  ADC12MCTL3                       
00000714  ADC12MCTL4                       
00000715  ADC12MCTL5                       
00000716  ADC12MCTL6                       
00000717  ADC12MCTL7                       
00000718  ADC12MCTL8                       
00000719  ADC12MCTL9                       
00000720  ADC12MEM0                        
00000721  ADC12MEM0_H                      
00000720  ADC12MEM0_L                      
00000722  ADC12MEM1                        
00000734  ADC12MEM10                       
00000735  ADC12MEM10_H                     
00000734  ADC12MEM10_L                     
00000736  ADC12MEM11                       
00000737  ADC12MEM11_H                     
00000736  ADC12MEM11_L                     
00000738  ADC12MEM12                       
00000739  ADC12MEM12_H                     
00000738  ADC12MEM12_L                     
0000073a  ADC12MEM13                       
0000073b  ADC12MEM13_H                     
0000073a  ADC12MEM13_L                     
0000073c  ADC12MEM14                       
0000073d  ADC12MEM14_H                     
0000073c  ADC12MEM14_L                     
0000073e  ADC12MEM15                       
0000073f  ADC12MEM15_H                     
0000073e  ADC12MEM15_L                     
00000723  ADC12MEM1_H                      
00000722  ADC12MEM1_L                      
00000724  ADC12MEM2                        
00000725  ADC12MEM2_H                      
00000724  ADC12MEM2_L                      
00000726  ADC12MEM3                        
00000727  ADC12MEM3_H                      
00000726  ADC12MEM3_L                      
00000728  ADC12MEM4                        
00000729  ADC12MEM4_H                      
00000728  ADC12MEM4_L                      
0000072a  ADC12MEM5                        
0000072b  ADC12MEM5_H                      
0000072a  ADC12MEM5_L                      
0000072c  ADC12MEM6                        
0000072d  ADC12MEM6_H                      
0000072c  ADC12MEM6_L                      
0000072e  ADC12MEM7                        
0000072f  ADC12MEM7_H                      
0000072e  ADC12MEM7_L                      
00000730  ADC12MEM8                        
00000731  ADC12MEM8_H                      
00000730  ADC12MEM8_L                      
00000732  ADC12MEM9                        
00000733  ADC12MEM9_H                      
00000732  ADC12MEM9_L                      
000137d6  AFE44x0_Reg_Read                 
000139e2  AFE44x0_Reg_Write                
0000351e  AFE44xx_Current_Register_Settings
00012b30  AFE44xx_Default_Reg_Init         
00013d04  AFE44xx_PowerOn_Init             
000142c0  BH1750FVI_Init                   
00014168  BH_Write                         
000143ae  C$$EXIT                          
000008c0  CBCTL0                           
000008c1  CBCTL0_H                         
000008c0  CBCTL0_L                         
000008c2  CBCTL1                           
000008c3  CBCTL1_H                         
000008c2  CBCTL1_L                         
000008c4  CBCTL2                           
000008c5  CBCTL2_H                         
000008c4  CBCTL2_L                         
000008c6  CBCTL3                           
000008c7  CBCTL3_H                         
000008c6  CBCTL3_L                         
000008cc  CBINT                            
000008cd  CBINT_H                          
000008cc  CBINT_L                          
000008ce  CBIV                             
00000150  CRCDI                            
00000152  CRCDIRB                          
00000153  CRCDIRB_H                        
00000152  CRCDIRB_L                        
00000151  CRCDI_H                          
00000150  CRCDI_L                          
00000154  CRCINIRES                        
00000155  CRCINIRES_H                      
00000154  CRCINIRES_L                      
00000156  CRCRESR                          
00000157  CRCRESR_H                        
00000156  CRCRESR_L                        
000034d0  DEN1                             
000034d8  DEN2                             
00000510  DMA0CTL                          
00000511  DMA0CTL_H                        
00000510  DMA0CTL_L                        
00000516  DMA0DA                           
00000518  DMA0DAH                          
00000516  DMA0DAL                          
00000512  DMA0SA                           
00000514  DMA0SAH                          
00000512  DMA0SAL                          
0000051a  DMA0SZ                           
00000520  DMA1CTL                          
00000521  DMA1CTL_H                        
00000520  DMA1CTL_L                        
00000526  DMA1DA                           
00000528  DMA1DAH                          
00000526  DMA1DAL                          
00000522  DMA1SA                           
00000524  DMA1SAH                          
00000522  DMA1SAL                          
0000052a  DMA1SZ                           
00000530  DMA2CTL                          
00000531  DMA2CTL_H                        
00000530  DMA2CTL_L                        
00000536  DMA2DA                           
00000538  DMA2DAH                          
00000536  DMA2DAL                          
00000532  DMA2SA                           
00000534  DMA2SAH                          
00000532  DMA2SAL                          
0000053a  DMA2SZ                           
00000500  DMACTL0                          
00000501  DMACTL0_H                        
00000500  DMACTL0_L                        
00000502  DMACTL1                          
00000503  DMACTL1_H                        
00000502  DMACTL1_L                        
00000504  DMACTL2                          
00000505  DMACTL2_H                        
00000504  DMACTL2_L                        
00000506  DMACTL3                          
00000507  DMACTL3_H                        
00000506  DMACTL3_L                        
00000508  DMACTL4                          
00000509  DMACTL4_H                        
00000508  DMACTL4_L                        
0000050e  DMAIV                            
0000050f  DMAIV_H                          
0000050e  DMAIV_L                          
000039c2  Diff_IR_group                    
00003bc2  Diff_RD_group                    
00013b8e  Disable_AFE44x0_SPI_Read         
00013bdc  Enable_AFE44x0_SPI_Read          
00014390  Enable_AFE44xx_DRDY_Interrupt    
00004ba0  F8X16                            
00000140  FCTL1                            
00000141  FCTL1_H                          
00000140  FCTL1_L                          
00000144  FCTL3                            
00000145  FCTL3_H                          
00000144  FCTL3_L                          
00000146  FCTL4                            
00000147  FCTL4_H                          
00000146  FCTL4_L                          
0001423e  HTU21_Init                       
00002400  Hzk                              
00014332  IIC_Init                         
00013e08  IIC_ReadByte                     
000135c0  IIC_Send                         
00013f6c  IIC_SendAck                      
00013f00  IIC_SendByte                     
00014034  IIC_Start                        
00014114  IIC_Stop                         
000142f0  IIC_Wait_Ack                     
000051f8  IR_A                             
00005210  IR_B                             
00012d24  IR_Filter                        
00004242  IR_Old                           
00003480  IR_RAW                           
00003488  IR_Signal                        
00003dc2  IR_group                         
00014258  IR_reset                         
00014220  Init_AFE44xx_DRDY_Interrupt      
0001439a  Init_AFE44xx_Resource            
000004c4  MAC                              
000004da  MAC32H                           
000004db  MAC32H_H                         
000004da  MAC32H_L                         
000004d8  MAC32L                           
000004d9  MAC32L_H                         
000004d8  MAC32L_L                         
000004c6  MACS                             
000004de  MACS32H                          
000004df  MACS32H_H                        
000004de  MACS32H_L                        
000004dc  MACS32L                          
000004dd  MACS32L_H                        
000004dc  MACS32L_L                        
000004c7  MACS_H                           
000004c6  MACS_L                           
000004c5  MAC_H                            
000004c4  MAC_L                            
000004c0  MPY                              
000004ec  MPY32CTL0                        
000004ed  MPY32CTL0_H                      
000004ec  MPY32CTL0_L                      
000004d2  MPY32H                           
000004d3  MPY32H_H                         
000004d2  MPY32H_L                         
000004d0  MPY32L                           
000004d1  MPY32L_H                         
000004d0  MPY32L_L                         
000004c2  MPYS                             
000004d6  MPYS32H                          
000004d7  MPYS32H_H                        
000004d6  MPYS32H_L                        
000004d4  MPYS32L                          
000004d5  MPYS32L_H                        
000004d4  MPYS32L_L                        
000004c3  MPYS_H                           
000004c2  MPYS_L                           
000004c1  MPY_H                            
000004c0  MPY_L                            
000034c0  NUM1                             
000034c8  NUM2                             
00013c74  OLED_Clear                       
00013b3c  OLED_DrawPoint                   
00013fa0  OLED_Fill                        
000035c2  OLED_GRAM                        
00013cbc  OLED_RefleshGram                 
000141b8  OLED_Set_Pos                     
00013916  OLED_ShowCHinese                 
00013842  OLED_ShowChar                    
0001334c  OLED_ShowNum                     
00013d46  OLED_ShowString                  
000004c8  OP2                              
000004e2  OP2H                             
000004e3  OP2H_H                           
000004e2  OP2H_L                           
000004e0  OP2L                             
000004e1  OP2L_H                           
000004e0  OP2L_L                           
000004c9  OP2_H                            
000004c8  OP2_L                            
00013034  Oled_Init                        
0000020e  P1IV                             
0000021e  P2IV                             
000001e0  P4MAP01                          
000001e1  P4MAP01_H                        
000001e0  P4MAP01_L                        
000001e2  P4MAP23                          
000001e3  P4MAP23_H                        
000001e2  P4MAP23_L                        
000001e4  P4MAP45                          
000001e5  P4MAP45_H                        
000001e4  P4MAP45_L                        
000001e6  P4MAP67                          
000001e7  P4MAP67_H                        
000001e6  P4MAP67_L                        
00000204  PADIR                            
00000205  PADIR_H                          
00000204  PADIR_L                          
00000208  PADS                             
00000209  PADS_H                           
00000208  PADS_L                           
0000021a  PAIE                             
00000218  PAIES                            
00000219  PAIES_H                          
00000218  PAIES_L                          
0000021b  PAIE_H                           
0000021a  PAIE_L                           
0000021c  PAIFG                            
0000021d  PAIFG_H                          
0000021c  PAIFG_L                          
00000200  PAIN                             
00000201  PAIN_H                           
00000200  PAIN_L                           
00000202  PAOUT                            
00000203  PAOUT_H                          
00000202  PAOUT_L                          
00000206  PAREN                            
00000207  PAREN_H                          
00000206  PAREN_L                          
0000020a  PASEL                            
0000020b  PASEL_H                          
0000020a  PASEL_L                          
00000224  PBDIR                            
00000225  PBDIR_H                          
00000224  PBDIR_L                          
00000228  PBDS                             
00000229  PBDS_H                           
00000228  PBDS_L                           
00000220  PBIN                             
00000221  PBIN_H                           
00000220  PBIN_L                           
00000222  PBOUT                            
00000223  PBOUT_H                          
00000222  PBOUT_L                          
00000226  PBREN                            
00000227  PBREN_H                          
00000226  PBREN_L                          
0000022a  PBSEL                            
0000022b  PBSEL_H                          
0000022a  PBSEL_L                          
00000244  PCDIR                            
00000245  PCDIR_H                          
00000244  PCDIR_L                          
00000248  PCDS                             
00000249  PCDS_H                           
00000248  PCDS_L                           
00000240  PCIN                             
00000241  PCIN_H                           
00000240  PCIN_L                           
00000242  PCOUT                            
00000243  PCOUT_H                          
00000242  PCOUT_L                          
00000246  PCREN                            
00000247  PCREN_H                          
00000246  PCREN_L                          
0000024a  PCSEL                            
0000024b  PCSEL_H                          
0000024a  PCSEL_L                          
00000264  PDDIR                            
00000265  PDDIR_H                          
00000264  PDDIR_L                          
00000268  PDDS                             
00000269  PDDS_H                           
00000268  PDDS_L                           
00000260  PDIN                             
00000261  PDIN_H                           
00000260  PDIN_L                           
00000262  PDOUT                            
00000263  PDOUT_H                          
00000262  PDOUT_L                          
00000266  PDREN                            
00000267  PDREN_H                          
00000266  PDREN_L                          
0000026a  PDSEL                            
0000026b  PDSEL_H                          
0000026a  PDSEL_L                          
00000324  PJDIR                            
00000325  PJDIR_H                          
00000324  PJDIR_L                          
00000328  PJDS                             
00000329  PJDS_H                           
00000328  PJDS_L                           
00000320  PJIN                             
00000321  PJIN_H                           
00000320  PJIN_L                           
00000322  PJOUT                            
00000323  PJOUT_H                          
00000322  PJOUT_L                          
00000326  PJREN                            
00000327  PJREN_H                          
00000326  PJREN_L                          
00000130  PM5CTL0                          
00000131  PM5CTL0_H                        
00000130  PM5CTL0_L                        
000001c2  PMAPCTL                          
000001c3  PMAPCTL_H                        
000001c2  PMAPCTL_L                        
000001c0  PMAPKEYID                        
000001c1  PMAPKEYID_H                      
000001c0  PMAPKEYID_L                      
00000120  PMMCTL0                          
00000121  PMMCTL0_H                        
00000120  PMMCTL0_L                        
00000122  PMMCTL1                          
00000123  PMMCTL1_H                        
00000122  PMMCTL1_L                        
0000012c  PMMIFG                           
0000012d  PMMIFG_H                         
0000012c  PMMIFG_L                         
0000012e  PMMRIE                           
0000012f  PMMRIE_H                         
0000012e  PMMRIE_L                         
000047ba  Port_1                           
00004a40  Port_2                           
000034e0  R                                
00000158  RCCTL0                           
00000159  RCCTL0_H                         
00000158  RCCTL0_L                         
00005228  RD_A                             
00005240  RD_B                             
00012eac  RD_Filter                        
00004252  RD_Old                           
00003484  RD_RAW                           
0000348c  RD_Signal                        
00003fc2  RD_group                         
00014272  RD_reset                         
00013656  READ_RH                          
00013528  READ_T                           
000001b0  REFCTL0                          
000001b1  REFCTL0_H                        
000001b0  REFCTL0_L                        
000004e4  RES0                             
000004e5  RES0_H                           
000004e4  RES0_L                           
000004e6  RES1                             
000004e7  RES1_H                           
000004e6  RES1_L                           
000004e8  RES2                             
000004e9  RES2_H                           
000004e8  RES2_L                           
000004ea  RES3                             
000004eb  RES3_H                           
000004ea  RES3_L                           
000004cc  RESHI                            
000004cd  RESHI_H                          
000004cc  RESHI_L                          
000004ca  RESLO                            
000004cb  RESLO_H                          
000004ca  RESLO_L                          
0000351a  RH                               
000004ba  RTCADOWDAY                       
000004bb  RTCADOWDAY_H                     
000004ba  RTCADOWDAY_L                     
000004b8  RTCAMINHR                        
000004b9  RTCAMINHR_H                      
000004b8  RTCAMINHR_L                      
000004a0  RTCCTL01                         
000004a1  RTCCTL01_H                       
000004a0  RTCCTL01_L                       
000004a2  RTCCTL23                         
000004a3  RTCCTL23_H                       
000004a2  RTCCTL23_L                       
000004b4  RTCDATE                          
000004b5  RTCDATE_H                        
000004b4  RTCDATE_L                        
000004ae  RTCIV                            
000004ac  RTCPS                            
000004a8  RTCPS0CTL                        
000004a9  RTCPS0CTL_H                      
000004a8  RTCPS0CTL_L                      
000004aa  RTCPS1CTL                        
000004ab  RTCPS1CTL_H                      
000004aa  RTCPS1CTL_L                      
000004ad  RTCPS_H                          
000004ac  RTCPS_L                          
000004b0  RTCTIM0                          
000004b1  RTCTIM0_H                        
000004b0  RTCTIM0_L                        
000004b2  RTCTIM1                          
000004b3  RTCTIM1_H                        
000004b2  RTCTIM1_L                        
000004b6  RTCYEAR                          
000004b7  RTCYEAR_H                        
000004b6  RTCYEAR_L                        
00013ae8  Read_BH1750FVI                   
00000100  SFRIE1                           
00000101  SFRIE1_H                         
00000100  SFRIE1_L                         
00000102  SFRIFG1                          
00000103  SFRIFG1_H                        
00000102  SFRIFG1_L                        
00000104  SFRRPCR                          
00000105  SFRRPCR_H                        
00000104  SFRRPCR_L                        
000004ce  SUMEXT                           
000004cf  SUMEXT_H                         
000004ce  SUMEXT_L                         
000034a8  SUM_IR_Diff                      
000034a0  SUM_RD_Diff                      
000034b0  SUM_X2                           
000034b8  SUM_XY                           
00000124  SVSMHCTL                         
00000125  SVSMHCTL_H                       
00000124  SVSMHCTL_L                       
00000128  SVSMIO                           
00000129  SVSMIO_H                         
00000128  SVSMIO_L                         
00000126  SVSMLCTL                         
00000127  SVSMLCTL_H                       
00000126  SVSMLCTL_L                       
00000198  SYSBERRIV                        
00000199  SYSBERRIV_H                      
00000198  SYSBERRIV_L                      
00000182  SYSBSLC                          
00000183  SYSBSLC_H                        
00000182  SYSBSLC_L                        
00000180  SYSCTL                           
00000181  SYSCTL_H                         
00000180  SYSCTL_L                         
00000186  SYSJMBC                          
00000187  SYSJMBC_H                        
00000186  SYSJMBC_L                        
00000188  SYSJMBI0                         
00000189  SYSJMBI0_H                       
00000188  SYSJMBI0_L                       
0000018a  SYSJMBI1                         
0000018b  SYSJMBI1_H                       
0000018a  SYSJMBI1_L                       
0000018c  SYSJMBO0                         
0000018d  SYSJMBO0_H                       
0000018c  SYSJMBO0_L                       
0000018e  SYSJMBO1                         
0000018f  SYSJMBO1_H                       
0000018e  SYSJMBO1_L                       
0000019e  SYSRSTIV                         
0000019f  SYSRSTIV_H                       
0000019e  SYSRSTIV_L                       
0000019c  SYSSNIV                          
0000019d  SYSSNIV_H                        
0000019c  SYSSNIV_L                        
0000019a  SYSUNIV                          
0000019b  SYSUNIV_H                        
0000019a  SYSUNIV_L                        
00013d88  SetVCore                         
0001428c  Set_GPIO                         
000034fa  SpO2                             
00013f36  Spi_Init                         
00014344  Start_BH1750                     
00003518  T                                
00000352  TA0CCR0                          
00000354  TA0CCR1                          
00000356  TA0CCR2                          
00000358  TA0CCR3                          
0000035a  TA0CCR4                          
00000342  TA0CCTL0                         
00000344  TA0CCTL1                         
00000346  TA0CCTL2                         
00000348  TA0CCTL3                         
0000034a  TA0CCTL4                         
00000340  TA0CTL                           
00000360  TA0EX0                           
0000036e  TA0IV                            
00000350  TA0R                             
00000392  TA1CCR0                          
00000394  TA1CCR1                          
00000396  TA1CCR2                          
00000382  TA1CCTL0                         
00000384  TA1CCTL1                         
00000386  TA1CCTL2                         
00000380  TA1CTL                           
000003a0  TA1EX0                           
000003ae  TA1IV                            
00000390  TA1R                             
00000412  TA2CCR0                          
00000414  TA2CCR1                          
00000416  TA2CCR2                          
00000402  TA2CCTL0                         
00000404  TA2CCTL1                         
00000406  TA2CCTL2                         
00000400  TA2CTL                           
00000420  TA2EX0                           
0000042e  TA2IV                            
00000410  TA2R                             
000003d2  TB0CCR0                          
000003d4  TB0CCR1                          
000003d6  TB0CCR2                          
000003d8  TB0CCR3                          
000003da  TB0CCR4                          
000003dc  TB0CCR5                          
000003de  TB0CCR6                          
000003c2  TB0CCTL0                         
000003c4  TB0CCTL1                         
000003c6  TB0CCTL2                         
000003c8  TB0CCTL3                         
000003ca  TB0CCTL4                         
000003cc  TB0CCTL5                         
000003ce  TB0CCTL6                         
000003c0  TB0CTL                           
000003e0  TB0EX0                           
000003ee  TB0IV                            
000003d0  TB0R                             
00004400  TimerA0                          
000005d0  UCA0ABCTL                        
000005c6  UCA0BRW                          
000005c7  UCA0BRW_H                        
000005c6  UCA0BRW_L                        
000005c0  UCA0CTLW0                        
000005c1  UCA0CTLW0_H                      
000005c0  UCA0CTLW0_L                      
000005dc  UCA0ICTL                         
000005dd  UCA0ICTL_H                       
000005dc  UCA0ICTL_L                       
000005d2  UCA0IRCTL                        
000005d3  UCA0IRCTL_H                      
000005d2  UCA0IRCTL_L                      
000005de  UCA0IV                           
000005c8  UCA0MCTL                         
000005cc  UCA0RXBUF                        
000005ca  UCA0STAT                         
000005ce  UCA0TXBUF                        
00000610  UCA1ABCTL                        
00000606  UCA1BRW                          
00000607  UCA1BRW_H                        
00000606  UCA1BRW_L                        
00000600  UCA1CTLW0                        
00000601  UCA1CTLW0_H                      
00000600  UCA1CTLW0_L                      
0000061c  UCA1ICTL                         
0000061d  UCA1ICTL_H                       
0000061c  UCA1ICTL_L                       
00000612  UCA1IRCTL                        
00000613  UCA1IRCTL_H                      
00000612  UCA1IRCTL_L                      
0000061e  UCA1IV                           
00000608  UCA1MCTL                         
0000060c  UCA1RXBUF                        
0000060a  UCA1STAT                         
0000060e  UCA1TXBUF                        
000005e6  UCB0BRW                          
000005e7  UCB0BRW_H                        
000005e6  UCB0BRW_L                        
000005e0  UCB0CTLW0                        
000005e1  UCB0CTLW0_H                      
000005e0  UCB0CTLW0_L                      
000005f0  UCB0I2COA                        
000005f1  UCB0I2COA_H                      
000005f0  UCB0I2COA_L                      
000005f2  UCB0I2CSA                        
000005f3  UCB0I2CSA_H                      
000005f2  UCB0I2CSA_L                      
000005fc  UCB0ICTL                         
000005fd  UCB0ICTL_H                       
000005fc  UCB0ICTL_L                       
000005fe  UCB0IV                           
000005ec  UCB0RXBUF                        
000005ea  UCB0STAT                         
000005ee  UCB0TXBUF                        
00000626  UCB1BRW                          
00000627  UCB1BRW_H                        
00000626  UCB1BRW_L                        
00000620  UCB1CTLW0                        
00000621  UCB1CTLW0_H                      
00000620  UCB1CTLW0_L                      
00000630  UCB1I2COA                        
00000631  UCB1I2COA_H                      
00000630  UCB1I2COA_L                      
00000632  UCB1I2CSA                        
00000633  UCB1I2CSA_H                      
00000632  UCB1I2CSA_L                      
0000063c  UCB1ICTL                         
0000063d  UCB1ICTL_H                       
0000063c  UCB1ICTL_L                       
0000063e  UCB1IV                           
0000062c  UCB1RXBUF                        
0000062a  UCB1STAT                         
0000062e  UCB1TXBUF                        
00000160  UCSCTL0                          
00000161  UCSCTL0_H                        
00000160  UCSCTL0_L                        
00000162  UCSCTL1                          
00000163  UCSCTL1_H                        
00000162  UCSCTL1_L                        
00000164  UCSCTL2                          
00000165  UCSCTL2_H                        
00000164  UCSCTL2_L                        
00000166  UCSCTL3                          
00000167  UCSCTL3_H                        
00000166  UCSCTL3_L                        
00000168  UCSCTL4                          
00000169  UCSCTL4_H                        
00000168  UCSCTL4_L                        
0000016a  UCSCTL5                          
0000016b  UCSCTL5_H                        
0000016a  UCSCTL5_L                        
0000016c  UCSCTL6                          
0000016d  UCSCTL6_H                        
0000016c  UCSCTL6_L                        
0000016e  UCSCTL7                          
0000016f  UCSCTL7_H                        
0000016e  UCSCTL7_L                        
00000170  UCSCTL8                          
00000171  UCSCTL8_H                        
00000170  UCSCTL8_L                        
00000902  USBCNF                           
00000903  USBCNF_H                         
00000902  USBCNF_L                         
0000093c  USBCTL                           
0000093a  USBFN                            
0000093b  USBFN_H                          
0000093a  USBFN_L                          
0000093f  USBFUNADR                        
0000093d  USBIE                            
00002378  USBIEP0BUF                       
000023c9  USBIEPBBAX_1                     
000023d1  USBIEPBBAX_2                     
000023d9  USBIEPBBAX_3                     
000023e1  USBIEPBBAX_4                     
000023e9  USBIEPBBAX_5                     
000023f1  USBIEPBBAX_6                     
000023f9  USBIEPBBAX_7                     
000023cd  USBIEPBBAY_1                     
000023d5  USBIEPBBAY_2                     
000023dd  USBIEPBBAY_3                     
000023e5  USBIEPBBAY_4                     
000023ed  USBIEPBBAY_5                     
000023f5  USBIEPBBAY_6                     
000023fd  USBIEPBBAY_7                     
000023ca  USBIEPBCTX_1                     
000023d2  USBIEPBCTX_2                     
000023da  USBIEPBCTX_3                     
000023e2  USBIEPBCTX_4                     
000023ea  USBIEPBCTX_5                     
000023f2  USBIEPBCTX_6                     
000023fa  USBIEPBCTX_7                     
000023ce  USBIEPBCTY_1                     
000023d6  USBIEPBCTY_2                     
000023de  USBIEPBCTY_3                     
000023e6  USBIEPBCTY_4                     
000023ee  USBIEPBCTY_5                     
000023f6  USBIEPBCTY_6                     
000023fe  USBIEPBCTY_7                     
00000920  USBIEPCNF_0                      
000023c8  USBIEPCNF_1                      
000023d0  USBIEPCNF_2                      
000023d8  USBIEPCNF_3                      
000023e0  USBIEPCNF_4                      
000023e8  USBIEPCNF_5                      
000023f0  USBIEPCNF_6                      
000023f8  USBIEPCNF_7                      
00000921  USBIEPCNT_0                      
0000092e  USBIEPIE                         
00000930  USBIEPIFG                        
000023cf  USBIEPSIZXY_1                    
000023d7  USBIEPSIZXY_2                    
000023df  USBIEPSIZXY_3                    
000023e7  USBIEPSIZXY_4                    
000023ef  USBIEPSIZXY_5                    
000023f7  USBIEPSIZXY_6                    
000023ff  USBIEPSIZXY_7                    
0000093e  USBIFG                           
00000900  USBKEYID                         
00000901  USBKEYID_H                       
00000900  USBKEYID_L                       
00000936  USBMAINT                         
00000937  USBMAINT_H                       
00000936  USBMAINT_L                       
00002370  USBOEP0BUF                       
00002389  USBOEPBBAX_1                     
00002391  USBOEPBBAX_2                     
00002399  USBOEPBBAX_3                     
000023a1  USBOEPBBAX_4                     
000023a9  USBOEPBBAX_5                     
000023b1  USBOEPBBAX_6                     
000023b9  USBOEPBBAX_7                     
0000238d  USBOEPBBAY_1                     
00002395  USBOEPBBAY_2                     
0000239d  USBOEPBBAY_3                     
000023a5  USBOEPBBAY_4                     
000023ad  USBOEPBBAY_5                     
000023b5  USBOEPBBAY_6                     
000023bd  USBOEPBBAY_7                     
0000238a  USBOEPBCTX_1                     
00002392  USBOEPBCTX_2                     
0000239a  USBOEPBCTX_3                     
000023a2  USBOEPBCTX_4                     
000023aa  USBOEPBCTX_5                     
000023b2  USBOEPBCTX_6                     
000023ba  USBOEPBCTX_7                     
0000238e  USBOEPBCTY_1                     
00002396  USBOEPBCTY_2                     
0000239e  USBOEPBCTY_3                     
000023a6  USBOEPBCTY_4                     
000023ae  USBOEPBCTY_5                     
000023b6  USBOEPBCTY_6                     
000023be  USBOEPBCTY_7                     
00000922  USBOEPCNF_0                      
00002388  USBOEPCNF_1                      
00002390  USBOEPCNF_2                      
00002398  USBOEPCNF_3                      
000023a0  USBOEPCNF_4                      
000023a8  USBOEPCNF_5                      
000023b0  USBOEPCNF_6                      
000023b8  USBOEPCNF_7                      
00000923  USBOEPCNT_0                      
0000092f  USBOEPIE                         
00000931  USBOEPIFG                        
0000238f  USBOEPSIZXY_1                    
00002397  USBOEPSIZXY_2                    
0000239f  USBOEPSIZXY_3                    
000023a7  USBOEPSIZXY_4                    
000023af  USBOEPSIZXY_5                    
000023b7  USBOEPSIZXY_6                    
000023bf  USBOEPSIZXY_7                    
00000904  USBPHYCTL                        
00000905  USBPHYCTL_H                      
00000904  USBPHYCTL_L                      
00000910  USBPLLCTL                        
00000911  USBPLLCTL_H                      
00000910  USBPLLCTL_L                      
00000912  USBPLLDIVB                       
00000913  USBPLLDIVB_H                     
00000912  USBPLLDIVB_L                     
00000914  USBPLLIR                         
00000915  USBPLLIR_H                       
00000914  USBPLLIR_L                       
00000908  USBPWRCTL                        
00000909  USBPWRCTL_H                      
00000908  USBPWRCTL_L                      
00001c00  USBSTABUFF                       
00002380  USBSUBLK                         
0000236f  USBTOPBUFF                       
00000938  USBTSREG                         
00000939  USBTSREG_H                       
00000938  USBTSREG_L                       
00000932  USBVECINT                        
00000933  USBVECINT_H                      
00000932  USBVECINT_L                      
00004b84  USCI_A0_ISR                      
00004b8e  USCI_B1_ISR                      
0000351c  UV                               
000142a6  UV_Init                          
00013a92  UV_Read                          
00013c2a  WARNING                          
0000015c  WDTCTL                           
0000015d  WDTCTL_H                         
0000015c  WDTCTL_L                         
00014090  WriteCommand_oled                
00014062  WriteData_oled                   
00004400  __STACK_END                      
00000140  __STACK_SIZE                     
UNDEFED   __TI_BINIT_Base                  
UNDEFED   __TI_BINIT_Limit                 
00005c10  __TI_CINIT_Base                  
00005c20  __TI_CINIT_Limit                 
00005c08  __TI_Handler_Table_Base          
00005c10  __TI_Handler_Table_Limit         
UNDEFED   __TI_INITARRAY_Base              
UNDEFED   __TI_INITARRAY_Limit             
00004b98  __TI_ISR_TRAP                    
00014306  __TI_decompress_none             
000143b4  __TI_decompress_rle24            
000126bc  __TI_frcaddd                     
000119f8  __TI_frcdivd                     
00011e7e  __TI_frcmpyd                     
0000ffd2  __TI_int41                       
0000ffd4  __TI_int42                       
0000ffd6  __TI_int43                       
0000ffd8  __TI_int44                       
0000ffda  __TI_int45                       
0000ffdc  __TI_int46                       
0000ffde  __TI_int47                       
0000ffe0  __TI_int48                       
0000ffe2  __TI_int49                       
0000ffe4  __TI_int50                       
0000ffe6  __TI_int51                       
0000ffe8  __TI_int52                       
0000ffea  __TI_int53                       
0000ffec  __TI_int54                       
0000ffee  __TI_int55                       
0000fff0  __TI_int56                       
0000fff2  __TI_int57                       
0000fff4  __TI_int58                       
0000fff6  __TI_int59                       
0000fff8  __TI_int60                       
0000fffa  __TI_int61                       
0000fffc  __TI_int62                       
ffffffff  __TI_pprof_out_hndl              
ffffffff  __TI_prof_data_size              
ffffffff  __TI_prof_data_start             
000131f2  __TI_renormd                     
ffffffff  __c_args__                       
00012162  __mspabi_addd                    
0001290e  __mspabi_divd                    
000140e8  __mspabi_divi                    
00013dc8  __mspabi_divli                   
0001431c  __mspabi_divu                    
00013a3a  __mspabi_divul                   
00014190  __mspabi_fixdi                   
0001397c  __mspabi_fixdli                  
00014384  __mspabi_fltid                   
000133f0  __mspabi_fltlid                  
0001243a  __mspabi_mpyd                    
000142d8  __mspabi_mpyi_f5hw               
000141dc  __mspabi_mpyl_f5hw               
000140e8  __mspabi_remi                    
00013dc8  __mspabi_remli                   
0001431c  __mspabi_remu                    
00013a3a  __mspabi_remul                   
000143a4  __mspabi_slli                    
00014364  __mspabi_slll                    
00013ebc  __mspabi_slll_1                  
00013e98  __mspabi_slll_10                 
00013e94  __mspabi_slll_11                 
00013e90  __mspabi_slll_12                 
00013e8c  __mspabi_slll_13                 
00013e88  __mspabi_slll_14                 
00013e84  __mspabi_slll_15                 
00013eb8  __mspabi_slll_2                  
00013eb4  __mspabi_slll_3                  
00013eb0  __mspabi_slll_4                  
00013eac  __mspabi_slll_5                  
00013ea8  __mspabi_slll_6                  
00013ea4  __mspabi_slll_7                  
00013ea0  __mspabi_slll_8                  
00013e9c  __mspabi_slll_9                  
00014354  __mspabi_sral                    
00013e7e  __mspabi_sral_1                  
00013e5a  __mspabi_sral_10                 
00013e56  __mspabi_sral_11                 
00013e52  __mspabi_sral_12                 
00013e4e  __mspabi_sral_13                 
00013e4a  __mspabi_sral_14                 
00013e46  __mspabi_sral_15                 
00013e7a  __mspabi_sral_2                  
00013e76  __mspabi_sral_3                  
00013e72  __mspabi_sral_4                  
00013e6e  __mspabi_sral_5                  
00013e6a  __mspabi_sral_6                  
00013e66  __mspabi_sral_7                  
00013e62  __mspabi_sral_8                  
00013e5e  __mspabi_sral_9                  
00014374  __mspabi_srll                    
00013efa  __mspabi_srll_1                  
00013ed6  __mspabi_srll_10                 
00013ed2  __mspabi_srll_11                 
00013ece  __mspabi_srll_12                 
00013eca  __mspabi_srll_13                 
00013ec6  __mspabi_srll_14                 
00013ec2  __mspabi_srll_15                 
00013ef6  __mspabi_srll_2                  
00013ef2  __mspabi_srll_3                  
00013eee  __mspabi_srll_4                  
00013eea  __mspabi_srll_5                  
00013ee6  __mspabi_srll_6                  
00013ee2  __mspabi_srll_7                  
00013ede  __mspabi_srll_8                  
00013eda  __mspabi_srll_9                  
00013fd2  __mspabi_subd                    
000132a4  _auto_init_hold_wdt              
00004b6a  _c_int00_noargs_noexit           
0000fffe  _reset_vector                    
000042c0  _stack                           
000143be  _system_post_cinit               
000143ba  _system_pre_init                 
000143ae  abort                            
000034ec  beats                            
0000350c  calculate                        
00010000  choose                           
00013764  copy_in                          
000140bc  diff                             
0000350a  display                          
000034f2  figner                           
00014004  fill_picture                     
000034e5  flag_initial                     
000034e8  flag_jump                        
000035ae  group_SpO2                       
000035be  group_heart_rate                 
000034f4  heart_rate                       
000034f8  heartdiff                        
000034ee  in                               
00003516  light                            
00004274  location_min                     
00004275  location_min_adjust              
000110f8  main                             
0001413e  memcpy                           
00004270  min                              
000041c2  moving_window                    
00003512  num1                             
00003513  num2                             
000034e6  num_beat                         
00003500  offset_SpO2                      
000034e2  offset_wave                      
00014200  oled_pow                         
00003502  one                              
00003510  orgin_wave                       
000034e4  readflag                         
000034f0  s1                               
000034ea  sample_count                     
000034f6  sample_heart_rate                
000034e9  sample_jump                      
00003506  select1                          
00003508  select2                          
0000350f  send_wave                        
0000350d  step1                            
0000350e  step2                            
000034fc  sum_SpO2                         
000136e8  team_name                        
00003504  three                            
00003503  two                              
00004262  txString                         
000034e7  update                           
00003514  warning                          
00003515  way                              
000034e3  window_offset_wave               
00003490  x                                
00003511  xin                              
00003498  y                                


GLOBAL SYMBOLS: SORTED BY Symbol Address 

address   name                             
-------   ----                             
00000100  SFRIE1                           
00000100  SFRIE1_L                         
00000101  SFRIE1_H                         
00000102  SFRIFG1                          
00000102  SFRIFG1_L                        
00000103  SFRIFG1_H                        
00000104  SFRRPCR                          
00000104  SFRRPCR_L                        
00000105  SFRRPCR_H                        
00000120  PMMCTL0                          
00000120  PMMCTL0_L                        
00000121  PMMCTL0_H                        
00000122  PMMCTL1                          
00000122  PMMCTL1_L                        
00000123  PMMCTL1_H                        
00000124  SVSMHCTL                         
00000124  SVSMHCTL_L                       
00000125  SVSMHCTL_H                       
00000126  SVSMLCTL                         
00000126  SVSMLCTL_L                       
00000127  SVSMLCTL_H                       
00000128  SVSMIO                           
00000128  SVSMIO_L                         
00000129  SVSMIO_H                         
0000012c  PMMIFG                           
0000012c  PMMIFG_L                         
0000012d  PMMIFG_H                         
0000012e  PMMRIE                           
0000012e  PMMRIE_L                         
0000012f  PMMRIE_H                         
00000130  PM5CTL0                          
00000130  PM5CTL0_L                        
00000131  PM5CTL0_H                        
00000140  FCTL1                            
00000140  FCTL1_L                          
00000140  __STACK_SIZE                     
00000141  FCTL1_H                          
00000144  FCTL3                            
00000144  FCTL3_L                          
00000145  FCTL3_H                          
00000146  FCTL4                            
00000146  FCTL4_L                          
00000147  FCTL4_H                          
00000150  CRCDI                            
00000150  CRCDI_L                          
00000151  CRCDI_H                          
00000152  CRCDIRB                          
00000152  CRCDIRB_L                        
00000153  CRCDIRB_H                        
00000154  CRCINIRES                        
00000154  CRCINIRES_L                      
00000155  CRCINIRES_H                      
00000156  CRCRESR                          
00000156  CRCRESR_L                        
00000157  CRCRESR_H                        
00000158  RCCTL0                           
00000158  RCCTL0_L                         
00000159  RCCTL0_H                         
0000015c  WDTCTL                           
0000015c  WDTCTL_L                         
0000015d  WDTCTL_H                         
00000160  UCSCTL0                          
00000160  UCSCTL0_L                        
00000161  UCSCTL0_H                        
00000162  UCSCTL1                          
00000162  UCSCTL1_L                        
00000163  UCSCTL1_H                        
00000164  UCSCTL2                          
00000164  UCSCTL2_L                        
00000165  UCSCTL2_H                        
00000166  UCSCTL3                          
00000166  UCSCTL3_L                        
00000167  UCSCTL3_H                        
00000168  UCSCTL4                          
00000168  UCSCTL4_L                        
00000169  UCSCTL4_H                        
0000016a  UCSCTL5                          
0000016a  UCSCTL5_L                        
0000016b  UCSCTL5_H                        
0000016c  UCSCTL6                          
0000016c  UCSCTL6_L                        
0000016d  UCSCTL6_H                        
0000016e  UCSCTL7                          
0000016e  UCSCTL7_L                        
0000016f  UCSCTL7_H                        
00000170  UCSCTL8                          
00000170  UCSCTL8_L                        
00000171  UCSCTL8_H                        
00000180  SYSCTL                           
00000180  SYSCTL_L                         
00000181  SYSCTL_H                         
00000182  SYSBSLC                          
00000182  SYSBSLC_L                        
00000183  SYSBSLC_H                        
00000186  SYSJMBC                          
00000186  SYSJMBC_L                        
00000187  SYSJMBC_H                        
00000188  SYSJMBI0                         
00000188  SYSJMBI0_L                       
00000189  SYSJMBI0_H                       
0000018a  SYSJMBI1                         
0000018a  SYSJMBI1_L                       
0000018b  SYSJMBI1_H                       
0000018c  SYSJMBO0                         
0000018c  SYSJMBO0_L                       
0000018d  SYSJMBO0_H                       
0000018e  SYSJMBO1                         
0000018e  SYSJMBO1_L                       
0000018f  SYSJMBO1_H                       
00000198  SYSBERRIV                        
00000198  SYSBERRIV_L                      
00000199  SYSBERRIV_H                      
0000019a  SYSUNIV                          
0000019a  SYSUNIV_L                        
0000019b  SYSUNIV_H                        
0000019c  SYSSNIV                          
0000019c  SYSSNIV_L                        
0000019d  SYSSNIV_H                        
0000019e  SYSRSTIV                         
0000019e  SYSRSTIV_L                       
0000019f  SYSRSTIV_H                       
000001b0  REFCTL0                          
000001b0  REFCTL0_L                        
000001b1  REFCTL0_H                        
000001c0  PMAPKEYID                        
000001c0  PMAPKEYID_L                      
000001c1  PMAPKEYID_H                      
000001c2  PMAPCTL                          
000001c2  PMAPCTL_L                        
000001c3  PMAPCTL_H                        
000001e0  P4MAP01                          
000001e0  P4MAP01_L                        
000001e1  P4MAP01_H                        
000001e2  P4MAP23                          
000001e2  P4MAP23_L                        
000001e3  P4MAP23_H                        
000001e4  P4MAP45                          
000001e4  P4MAP45_L                        
000001e5  P4MAP45_H                        
000001e6  P4MAP67                          
000001e6  P4MAP67_L                        
000001e7  P4MAP67_H                        
00000200  PAIN                             
00000200  PAIN_L                           
00000201  PAIN_H                           
00000202  PAOUT                            
00000202  PAOUT_L                          
00000203  PAOUT_H                          
00000204  PADIR                            
00000204  PADIR_L                          
00000205  PADIR_H                          
00000206  PAREN                            
00000206  PAREN_L                          
00000207  PAREN_H                          
00000208  PADS                             
00000208  PADS_L                           
00000209  PADS_H                           
0000020a  PASEL                            
0000020a  PASEL_L                          
0000020b  PASEL_H                          
0000020e  P1IV                             
00000218  PAIES                            
00000218  PAIES_L                          
00000219  PAIES_H                          
0000021a  PAIE                             
0000021a  PAIE_L                           
0000021b  PAIE_H                           
0000021c  PAIFG                            
0000021c  PAIFG_L                          
0000021d  PAIFG_H                          
0000021e  P2IV                             
00000220  PBIN                             
00000220  PBIN_L                           
00000221  PBIN_H                           
00000222  PBOUT                            
00000222  PBOUT_L                          
00000223  PBOUT_H                          
00000224  PBDIR                            
00000224  PBDIR_L                          
00000225  PBDIR_H                          
00000226  PBREN                            
00000226  PBREN_L                          
00000227  PBREN_H                          
00000228  PBDS                             
00000228  PBDS_L                           
00000229  PBDS_H                           
0000022a  PBSEL                            
0000022a  PBSEL_L                          
0000022b  PBSEL_H                          
00000240  PCIN                             
00000240  PCIN_L                           
00000241  PCIN_H                           
00000242  PCOUT                            
00000242  PCOUT_L                          
00000243  PCOUT_H                          
00000244  PCDIR                            
00000244  PCDIR_L                          
00000245  PCDIR_H                          
00000246  PCREN                            
00000246  PCREN_L                          
00000247  PCREN_H                          
00000248  PCDS                             
00000248  PCDS_L                           
00000249  PCDS_H                           
0000024a  PCSEL                            
0000024a  PCSEL_L                          
0000024b  PCSEL_H                          
00000260  PDIN                             
00000260  PDIN_L                           
00000261  PDIN_H                           
00000262  PDOUT                            
00000262  PDOUT_L                          
00000263  PDOUT_H                          
00000264  PDDIR                            
00000264  PDDIR_L                          
00000265  PDDIR_H                          
00000266  PDREN                            
00000266  PDREN_L                          
00000267  PDREN_H                          
00000268  PDDS                             
00000268  PDDS_L                           
00000269  PDDS_H                           
0000026a  PDSEL                            
0000026a  PDSEL_L                          
0000026b  PDSEL_H                          
00000320  PJIN                             
00000320  PJIN_L                           
00000321  PJIN_H                           
00000322  PJOUT                            
00000322  PJOUT_L                          
00000323  PJOUT_H                          
00000324  PJDIR                            
00000324  PJDIR_L                          
00000325  PJDIR_H                          
00000326  PJREN                            
00000326  PJREN_L                          
00000327  PJREN_H                          
00000328  PJDS                             
00000328  PJDS_L                           
00000329  PJDS_H                           
00000340  TA0CTL                           
00000342  TA0CCTL0                         
[...]
0000071b  ADC12MCTL11                      
0000071c  ADC12MCTL12                      
0000071d  ADC12MCTL13                      
0000071e  ADC12MCTL14                      
0000071f  ADC12MCTL15                      
00000720  ADC12MEM0                        
00000720  ADC12MEM0_L                      
00000721  ADC12MEM0_H                      
00000722  ADC12MEM1                        
00000722  ADC12MEM1_L                      
00000723  ADC12MEM1_H                      
00000724  ADC12MEM2                        
00000724  ADC12MEM2_L                      
00000725  ADC12MEM2_H                      
00000726  ADC12MEM3                        
00000726  ADC12MEM3_L                      
00000727  ADC12MEM3_H                      
00000728  ADC12MEM4                        
00000728  ADC12MEM4_L                      
00000729  ADC12MEM4_H                      
0000072a  ADC12MEM5                        
0000072a  ADC12MEM5_L                      
0000072b  ADC12MEM5_H                      
0000072c  ADC12MEM6                        
0000072c  ADC12MEM6_L                      
0000072d  ADC12MEM6_H                      
0000072e  ADC12MEM7                        
0000072e  ADC12MEM7_L                      
0000072f  ADC12MEM7_H                      
00000730  ADC12MEM8                        
00000730  ADC12MEM8_L                      
00000731  ADC12MEM8_H                      
00000732  ADC12MEM9                        
00000732  ADC12MEM9_L                      
00000733  ADC12MEM9_H                      
00000734  ADC12MEM10                       
00000734  ADC12MEM10_L                     
00000735  ADC12MEM10_H                     
00000736  ADC12MEM11                       
00000736  ADC12MEM11_L                     
00000737  ADC12MEM11_H                     
00000738  ADC12MEM12                       
00000738  ADC12MEM12_L                     
00000739  ADC12MEM12_H                     
0000073a  ADC12MEM13                       
0000073a  ADC12MEM13_L                     
0000073b  ADC12MEM13_H                     
0000073c  ADC12MEM14                       
0000073c  ADC12MEM14_L                     
0000073d  ADC12MEM14_H                     
0000073e  ADC12MEM15                       
0000073e  ADC12MEM15_L                     
0000073f  ADC12MEM15_H                     
000008c0  CBCTL0                           
000008c0  CBCTL0_L                         
000008c1  CBCTL0_H                         
000008c2  CBCTL1                           
000008c2  CBCTL1_L                         
000008c3  CBCTL1_H                         
000008c4  CBCTL2                           
000008c4  CBCTL2_L                         
000008c5  CBCTL2_H                         
000008c6  CBCTL3                           
000008c6  CBCTL3_L                         
000008c7  CBCTL3_H                         
000008cc  CBINT                            
000008cc  CBINT_L                          
000008cd  CBINT_H                          
000008ce  CBIV                             
00000900  USBKEYID                         
00000900  USBKEYID_L                       
00000901  USBKEYID_H                       
00000902  USBCNF                           
00000902  USBCNF_L                         
00000903  USBCNF_H                         
00000904  USBPHYCTL                        
00000904  USBPHYCTL_L                      
00000905  USBPHYCTL_H                      
00000908  USBPWRCTL                        
00000908  USBPWRCTL_L                      
00000909  USBPWRCTL_H                      
00000910  USBPLLCTL                        
00000910  USBPLLCTL_L                      
00000911  USBPLLCTL_H                      
00000912  USBPLLDIVB                       
00000912  USBPLLDIVB_L                     
00000913  USBPLLDIVB_H                     
00000914  USBPLLIR                         
00000914  USBPLLIR_L                       
00000915  USBPLLIR_H                       
00000920  USBIEPCNF_0                      
00000921  USBIEPCNT_0                      
00000922  USBOEPCNF_0                      
00000923  USBOEPCNT_0                      
0000092e  USBIEPIE                         
0000092f  USBOEPIE                         
00000930  USBIEPIFG                        
00000931  USBOEPIFG                        
00000932  USBVECINT                        
00000932  USBVECINT_L                      
00000933  USBVECINT_H                      
00000936  USBMAINT                         
00000936  USBMAINT_L                       
00000937  USBMAINT_H                       
00000938  USBTSREG                         
00000938  USBTSREG_L                       
00000939  USBTSREG_H                       
0000093a  USBFN                            
0000093a  USBFN_L                          
0000093b  USBFN_H                          
0000093c  USBCTL                           
0000093d  USBIE                            
0000093e  USBIFG                           
0000093f  USBFUNADR                        
00001c00  USBSTABUFF                       
0000236f  USBTOPBUFF                       
00002370  USBOEP0BUF                       
00002378  USBIEP0BUF                       
00002380  USBSUBLK                         
00002388  USBOEPCNF_1                      
00002389  USBOEPBBAX_1                     
0000238a  USBOEPBCTX_1                     
0000238d  USBOEPBBAY_1                     
0000238e  USBOEPBCTY_1                     
0000238f  USBOEPSIZXY_1                    
00002390  USBOEPCNF_2                      
00002391  USBOEPBBAX_2                     
00002392  USBOEPBCTX_2                     
00002395  USBOEPBBAY_2                     
00002396  USBOEPBCTY_2                     
00002397  USBOEPSIZXY_2                    
00002398  USBOEPCNF_3                      
00002399  USBOEPBBAX_3                     
0000239a  USBOEPBCTX_3                     
0000239d  USBOEPBBAY_3                     
0000239e  USBOEPBCTY_3                     
0000239f  USBOEPSIZXY_3                    
000023a0  USBOEPCNF_4                      
000023a1  USBOEPBBAX_4                     
000023a2  USBOEPBCTX_4                     
000023a5  USBOEPBBAY_4                     
000023a6  USBOEPBCTY_4                     
000023a7  USBOEPSIZXY_4                    
000023a8  USBOEPCNF_5                      
000023a9  USBOEPBBAX_5                     
000023aa  USBOEPBCTX_5                     
000023ad  USBOEPBBAY_5                     
000023ae  USBOEPBCTY_5                     
000023af  USBOEPSIZXY_5                    
000023b0  USBOEPCNF_6                      
000023b1  USBOEPBBAX_6                     
000023b2  USBOEPBCTX_6                     
000023b5  USBOEPBBAY_6                     
000023b6  USBOEPBCTY_6                     
000023b7  USBOEPSIZXY_6                    
000023b8  USBOEPCNF_7                      
000023b9  USBOEPBBAX_7                     
000023ba  USBOEPBCTX_7                     
000023bd  USBOEPBBAY_7                     
000023be  USBOEPBCTY_7                     
000023bf  USBOEPSIZXY_7                    
000023c8  USBIEPCNF_1                      
000023c9  USBIEPBBAX_1                     
000023ca  USBIEPBCTX_1                     
000023cd  USBIEPBBAY_1                     
000023ce  USBIEPBCTY_1                     
000023cf  USBIEPSIZXY_1                    
000023d0  USBIEPCNF_2                      
000023d1  USBIEPBBAX_2                     
000023d2  USBIEPBCTX_2                     
000023d5  USBIEPBBAY_2                     
000023d6  USBIEPBCTY_2                     
000023d7  USBIEPSIZXY_2                    
000023d8  USBIEPCNF_3                      
000023d9  USBIEPBBAX_3                     
000023da  USBIEPBCTX_3                     
000023dd  USBIEPBBAY_3                     
000023de  USBIEPBCTY_3                     
000023df  USBIEPSIZXY_3                    
000023e0  USBIEPCNF_4                      
000023e1  USBIEPBBAX_4                     
000023e2  USBIEPBCTX_4                     
000023e5  USBIEPBBAY_4                     
000023e6  USBIEPBCTY_4                     
000023e7  USBIEPSIZXY_4                    
000023e8  USBIEPCNF_5                      
000023e9  USBIEPBBAX_5                     
000023ea  USBIEPBCTX_5                     
000023ed  USBIEPBBAY_5                     
000023ee  USBIEPBCTY_5                     
000023ef  USBIEPSIZXY_5                    
000023f0  USBIEPCNF_6                      
000023f1  USBIEPBBAX_6                     
000023f2  USBIEPBCTX_6                     
000023f5  USBIEPBBAY_6                     
000023f6  USBIEPBCTY_6                     
000023f7  USBIEPSIZXY_6                    
000023f8  USBIEPCNF_7                      
000023f9  USBIEPBBAX_7                     
000023fa  USBIEPBCTX_7                     
000023fd  USBIEPBBAY_7                     
000023fe  USBIEPBCTY_7                     
000023ff  USBIEPSIZXY_7                    
00002400  Hzk                              
00003480  IR_RAW                           
00003484  RD_RAW                           
00003488  IR_Signal                        
0000348c  RD_Signal                        
00003490  x                                
00003498  y                                
000034a0  SUM_RD_Diff                      
000034a8  SUM_IR_Diff                      
000034b0  SUM_X2                           
000034b8  SUM_XY                           
000034c0  NUM1                             
000034c8  NUM2                             
000034d0  DEN1                             
000034d8  DEN2                             
000034e0  R                                
000034e2  offset_wave                      
000034e3  window_offset_wave               
000034e4  readflag                         
000034e5  flag_initial                     
000034e6  num_beat                         
000034e7  update                           
000034e8  flag_jump                        
000034e9  sample_jump                      
000034ea  sample_count                     
000034ec  beats                            
000034ee  in                               
000034f0  s1                               
000034f2  figner                           
000034f4  heart_rate                       
000034f6  sample_heart_rate                
000034f8  heartdiff                        
000034fa  SpO2                             
000034fc  sum_SpO2                         
00003500  offset_SpO2                      
00003502  one                              
00003503  two                              
00003504  three                            
00003506  select1                          
00003508  select2                          
0000350a  display                          
0000350c  calculate                        
0000350d  step1                            
0000350e  step2                            
0000350f  send_wave                        
00003510  orgin_wave                       
00003511  xin                              
00003512  num1                             
00003513  num2                             
00003514  warning                          
00003515  way                              
00003516  light                            
00003518  T                                
0000351a  RH                               
0000351c  UV                               
0000351e  AFE44xx_Current_Register_Settings
000035ae  group_SpO2                       
000035be  group_heart_rate                 
000035c2  OLED_GRAM                        
000039c2  Diff_IR_group                    
00003bc2  Diff_RD_group                    
00003dc2  IR_group                         
00003fc2  RD_group                         
000041c2  moving_window                    
00004242  IR_Old                           
00004252  RD_Old                           
00004262  txString                         
00004270  min                              
00004274  location_min                     
00004275  location_min_adjust              
000042c0  _stack                           
00004400  TimerA0                          
00004400  __STACK_END                      
000047ba  Port_1                           
00004a40  Port_2                           
00004b6a  _c_int00_noargs_noexit           
00004b84  USCI_A0_ISR                      
00004b8e  USCI_B1_ISR                      
00004b98  __TI_ISR_TRAP                    
00004ba0  F8X16                            
000051f8  IR_A                             
00005210  IR_B                             
00005228  RD_A                             
00005240  RD_B                             
00005c08  __TI_Handler_Table_Base          
00005c10  __TI_CINIT_Base                  
00005c10  __TI_Handler_Table_Limit         
00005c20  __TI_CINIT_Limit                 
0000ffd2  __TI_int41                       
0000ffd4  __TI_int42                       
0000ffd6  __TI_int43                       
0000ffd8  __TI_int44                       
0000ffda  __TI_int45                       
0000ffdc  __TI_int46                       
0000ffde  __TI_int47                       
0000ffe0  __TI_int48                       
0000ffe2  __TI_int49                       
0000ffe4  __TI_int50                       
0000ffe6  __TI_int51                       
0000ffe8  __TI_int52                       
0000ffea  __TI_int53                       
0000ffec  __TI_int54                       
0000ffee  __TI_int55                       
0000fff0  __TI_int56                       
0000fff2  __TI_int57                       
0000fff4  __TI_int58                       
0000fff6  __TI_int59                       
0000fff8  __TI_int60                       
0000fffa  __TI_int61                       
0000fffc  __TI_int62                       
0000fffe  _reset_vector                    
00010000  choose                           
000110f8  main                             
000119f8  __TI_frcdivd                     
00011e7e  __TI_frcmpyd                     
00012162  __mspabi_addd                    
0001243a  __mspabi_mpyd                    
000126bc  __TI_frcaddd                     
0001290e  __mspabi_divd                    
00012b30  AFE44xx_Default_Reg_Init         
00012d24  IR_Filter                        
00012eac  RD_Filter                        
00013034  Oled_Init                        
000131f2  __TI_renormd                     
000132a4  _auto_init_hold_wdt              
0001334c  OLED_ShowNum                     
000133f0  __mspabi_fltlid                  
00013528  READ_T                           
000135c0  IIC_Send                         
00013656  READ_RH                          
000136e8  team_name                        
00013764  copy_in                          
000137d6  AFE44x0_Reg_Read                 
00013842  OLED_ShowChar                    
00013916  OLED_ShowCHinese                 
0001397c  __mspabi_fixdli                  
000139e2  AFE44x0_Reg_Write                
00013a3a  __mspabi_divul                   
00013a3a  __mspabi_remul                   
00013a92  UV_Read                          
00013ae8  Read_BH1750FVI                   
00013b3c  OLED_DrawPoint                   
00013b8e  Disable_AFE44x0_SPI_Read         
00013bdc  Enable_AFE44x0_SPI_Read          
00013c2a  WARNING                          
00013c74  OLED_Clear                       
00013cbc  OLED_RefleshGram                 
00013d04  AFE44xx_PowerOn_Init             
00013d46  OLED_ShowString                  
00013d88  SetVCore                         
00013dc8  __mspabi_divli                   
00013dc8  __mspabi_remli                   
00013e08  IIC_ReadByte                     
00013e46  __mspabi_sral_15                 
00013e4a  __mspabi_sral_14                 
00013e4e  __mspabi_sral_13                 
00013e52  __mspabi_sral_12                 
00013e56  __mspabi_sral_11                 
00013e5a  __mspabi_sral_10                 
00013e5e  __mspabi_sral_9                  
00013e62  __mspabi_sral_8                  
00013e66  __mspabi_sral_7                  
00013e6a  __mspabi_sral_6                  
00013e6e  __mspabi_sral_5                  
00013e72  __mspabi_sral_4                  
00013e76  __mspabi_sral_3                  
00013e7a  __mspabi_sral_2                  
00013e7e  __mspabi_sral_1                  
00013e84  __mspabi_slll_15                 
00013e88  __mspabi_slll_14                 
00013e8c  __mspabi_slll_13                 
00013e90  __mspabi_slll_12                 
00013e94  __mspabi_slll_11                 
00013e98  __mspabi_slll_10                 
00013e9c  __mspabi_slll_9                  
00013ea0  __mspabi_slll_8                  
00013ea4  __mspabi_slll_7                  
00013ea8  __mspabi_slll_6                  
00013eac  __mspabi_slll_5                  
00013eb0  __mspabi_slll_4                  
00013eb4  __mspabi_slll_3                  
00013eb8  __mspabi_slll_2                  
00013ebc  __mspabi_slll_1                  
00013ec2  __mspabi_srll_15                 
00013ec6  __mspabi_srll_14                 
00013eca  __mspabi_srll_13                 
00013ece  __mspabi_srll_12                 
00013ed2  __mspabi_srll_11                 
00013ed6  __mspabi_srll_10                 
00013eda  __mspabi_srll_9                  
00013ede  __mspabi_srll_8                  
00013ee2  __mspabi_srll_7                  
00013ee6  __mspabi_srll_6                  
00013eea  __mspabi_srll_5                  
00013eee  __mspabi_srll_4                  
00013ef2  __mspabi_srll_3                  
00013ef6  __mspabi_srll_2                  
00013efa  __mspabi_srll_1                  
00013f00  IIC_SendByte                     
00013f36  Spi_Init                         
00013f6c  IIC_SendAck                      
00013fa0  OLED_Fill                        
00013fd2  __mspabi_subd                    
00014004  fill_picture                     
00014034  IIC_Start                        
00014062  WriteData_oled                   
00014090  WriteCommand_oled                
000140bc  diff                             
000140e8  __mspabi_divi                    
000140e8  __mspabi_remi                    
00014114  IIC_Stop                         
0001413e  memcpy                           
00014168  BH_Write                         
00014190  __mspabi_fixdi                   
000141b8  OLED_Set_Pos                     
000141dc  __mspabi_mpyl_f5hw               
00014200  oled_pow                         
00014220  Init_AFE44xx_DRDY_Interrupt      
0001423e  HTU21_Init                       
00014258  IR_reset                         
00014272  RD_reset                         
0001428c  Set_GPIO                         
000142a6  UV_Init                          
000142c0  BH1750FVI_Init                   
000142d8  __mspabi_mpyi_f5hw               
000142f0  IIC_Wait_Ack                     
00014306  __TI_decompress_none             
0001431c  __mspabi_divu                    
0001431c  __mspabi_remu                    
00014332  IIC_Init                         
00014344  Start_BH1750                     
00014354  __mspabi_sral                    
00014364  __mspabi_slll                    
00014374  __mspabi_srll                    
00014384  __mspabi_fltid                   
00014390  Enable_AFE44xx_DRDY_Interrupt    
0001439a  Init_AFE44xx_Resource            
000143a4  __mspabi_slli                    
000143ae  C$$EXIT                          
000143ae  abort                            
000143b4  __TI_decompress_rle24            
000143ba  _system_pre_init                 
000143be  _system_post_cinit               
ffffffff  __TI_pprof_out_hndl              
ffffffff  __TI_prof_data_size              
ffffffff  __TI_prof_data_start             
ffffffff  __c_args__                       
UNDEFED   __TI_BINIT_Base                  
UNDEFED   __TI_BINIT_Limit                 
UNDEFED   __TI_INITARRAY_Base              
UNDEFED   __TI_INITARRAY_Limit             

[1000 symbols]
