<?xml version="1.0"?>
<link_info>
   <banner>MSP430 Linker PC v15.12.1.LTS</banner>
   <copyright>Copyright (c) 2003-2015 Texas Instruments Incorporated</copyright>
   <link_time>0x57db8d20</link_time>
   <link_errors>0x0</link_errors>
   <output_file>AFE4400beta.out</output_file>
   <entry_point>
      <name>_c_int00_noargs_noexit</name>
      <address>0x4b6a</address>
   </entry_point>
   <input_file_list>
      <input_file id="fl-2">
         <path>.\</path>
         <kind>object</kind>
         <file>main.obj</file>
         <name>main.obj</name>
      </input_file>
      <input_file id="fl-3">
         <path>.\AFE4400\</path>
         <kind>object</kind>
         <file>AFE4400.obj</file>
         <name>AFE4400.obj</name>
      </input_file>
      <input_file id="fl-4">
         <path>.\HAL\</path>
         <kind>object</kind>
         <file>HAL_FLASH.obj</file>
         <name>HAL_FLASH.obj</name>
      </input_file>
      <input_file id="fl-5">
         <path>.\HAL\</path>
         <kind>object</kind>
         <file>HAL_PMAP.obj</file>
         <name>HAL_PMAP.obj</name>
      </input_file>
      <input_file id="fl-6">
         <path>.\HAL\</path>
         <kind>object</kind>
         <file>HAL_PMM.obj</file>
         <name>HAL_PMM.obj</name>
      </input_file>
      <input_file id="fl-7">
         <path>.\HAL\</path>
         <kind>object</kind>
         <file>HAL_TLV.obj</file>
         <name>HAL_TLV.obj</name>
      </input_file>
      <input_file id="fl-8">
         <path>.\HAL\</path>
         <kind>object</kind>
         <file>HAL_UCS.obj</file>
         <name>HAL_UCS.obj</name>
      </input_file>
      <input_file id="fl-9">
         <path>.\OLED\</path>
         <kind>object</kind>
         <file>oled.obj</file>
         <name>oled.obj</name>
      </input_file>
      <input_file id="fl-a">
         <path>.\PLUS\</path>
         <kind>object</kind>
         <file>BH1750FVI.obj</file>
         <name>BH1750FVI.obj</name>
      </input_file>
      <input_file id="fl-b">
         <path>.\PLUS\</path>
         <kind>object</kind>
         <file>HTU21D.obj</file>
         <name>HTU21D.obj</name>
      </input_file>
      <input_file id="fl-c">
         <path>.\PLUS\</path>
         <kind>object</kind>
         <file>UV6070.obj</file>
         <name>UV6070.obj</name>
      </input_file>
      <input_file id="fl-2d">
         <path>F:\ti\ccsv6\tools\compiler\ti-cgt-msp430_15.12.1.LTS\lib\</path>
         <kind>archive</kind>
         <file>rts430x_lc_ld_eabi.lib</file>
         <name>addd.obj</name>
      </input_file>
      <input_file id="fl-2e">
         <path>F:\ti\ccsv6\tools\compiler\ti-cgt-msp430_15.12.1.LTS\lib\</path>
         <kind>archive</kind>
         <file>rts430x_lc_ld_eabi.lib</file>
         <name>asr32.obj</name>
      </input_file>
      <input_file id="fl-2f">
         <path>F:\ti\ccsv6\tools\compiler\ti-cgt-msp430_15.12.1.LTS\lib\</path>
         <kind>archive</kind>
         <file>rts430x_lc_ld_eabi.lib</file>
         <name>boot.obj</name>
      </input_file>
      <input_file id="fl-30">
         <path>F:\ti\ccsv6\tools\compiler\ti-cgt-msp430_15.12.1.LTS\lib\</path>
         <kind>archive</kind>
         <file>rts430x_lc_ld_eabi.lib</file>
         <name>boot_special.obj</name>
      </input_file>
      <input_file id="fl-31">
         <path>F:\ti\ccsv6\tools\compiler\ti-cgt-msp430_15.12.1.LTS\lib\</path>
         <kind>archive</kind>
         <file>rts430x_lc_ld_eabi.lib</file>
         <name>copy_decompress_none.obj</name>
      </input_file>
      <input_file id="fl-32">
         <path>F:\ti\ccsv6\tools\compiler\ti-cgt-msp430_15.12.1.LTS\lib\</path>
         <kind>archive</kind>
         <file>rts430x_lc_ld_eabi.lib</file>
         <name>copy_decompress_rle.obj</name>
      </input_file>
      <input_file id="fl-33">
         <path>F:\ti\ccsv6\tools\compiler\ti-cgt-msp430_15.12.1.LTS\lib\</path>
         <kind>archive</kind>
         <file>rts430x_lc_ld_eabi.lib</file>
         <name>copy_zero_init.obj</name>
      </input_file>
      <input_file id="fl-34">
         <path>F:\ti\ccsv6\tools\compiler\ti-cgt-msp430_15.12.1.LTS\lib\</path>
         <kind>archive</kind>
         <file>rts430x_lc_ld_eabi.lib</file>
         <name>div16s.obj</name>
      </input_file>
      <input_file id="fl-35">
         <path>F:\ti\ccsv6\tools\compiler\ti-cgt-msp430_15.12.1.LTS\lib\</path>
         <kind>archive</kind>
         <file>rts430x_lc_ld_eabi.lib</file>
         <name>div16u.obj</name>
      </input_file>
      <input_file id="fl-36">
         <path>F:\ti\ccsv6\tools\compiler\ti-cgt-msp430_15.12.1.LTS\lib\</path>
         <kind>archive</kind>
         <file>rts430x_lc_ld_eabi.lib</file>
         <name>div32s.obj</name>
      </input_file>
      <input_file id="fl-37">
         <path>F:\ti\ccsv6\tools\compiler\ti-cgt-msp430_15.12.1.LTS\lib\</path>
         <kind>archive</kind>
         <file>rts430x_lc_ld_eabi.lib</file>
         <name>div32u.obj</name>
      </input_file>
      <input_file id="fl-38">
         <path>F:\ti\ccsv6\tools\compiler\ti-cgt-msp430_15.12.1.LTS\lib\</path>
         <kind>archive</kind>
         <file>rts430x_lc_ld_eabi.lib</file>
         <name>divd.obj</name>
      </input_file>
      <input_file id="fl-39">
         <path>F:\ti\ccsv6\tools\compiler\ti-cgt-msp430_15.12.1.LTS\lib\</path>
         <kind>archive</kind>
         <file>rts430x_lc_ld_eabi.lib</file>
         <name>exit.obj</name>
      </input_file>
      <input_file id="fl-3a">
         <path>F:\ti\ccsv6\tools\compiler\ti-cgt-msp430_15.12.1.LTS\lib\</path>
         <kind>archive</kind>
         <file>rts430x_lc_ld_eabi.lib</file>
         <name>exit_gvars.obj</name>
      </input_file>
      <input_file id="fl-3b">
         <path>F:\ti\ccsv6\tools\compiler\ti-cgt-msp430_15.12.1.LTS\lib\</path>
         <kind>archive</kind>
         <file>rts430x_lc_ld_eabi.lib</file>
         <name>fixdi.obj</name>
      </input_file>
      <input_file id="fl-3c">
         <path>F:\ti\ccsv6\tools\compiler\ti-cgt-msp430_15.12.1.LTS\lib\</path>
         <kind>archive</kind>
         <file>rts430x_lc_ld_eabi.lib</file>
         <name>fixdli.obj</name>
      </input_file>
      <input_file id="fl-3d">
         <path>F:\ti\ccsv6\tools\compiler\ti-cgt-msp430_15.12.1.LTS\lib\</path>
         <kind>archive</kind>
         <file>rts430x_lc_ld_eabi.lib</file>
         <name>fltid.obj</name>
      </input_file>
      <input_file id="fl-3e">
         <path>F:\ti\ccsv6\tools\compiler\ti-cgt-msp430_15.12.1.LTS\lib\</path>
         <kind>archive</kind>
         <file>rts430x_lc_ld_eabi.lib</file>
         <name>fltlid.obj</name>
      </input_file>
      <input_file id="fl-3f">
         <path>F:\ti\ccsv6\tools\compiler\ti-cgt-msp430_15.12.1.LTS\lib\</path>
         <kind>archive</kind>
         <file>rts430x_lc_ld_eabi.lib</file>
         <name>frcaddd.obj</name>
      </input_file>
      <input_file id="fl-40">
         <path>F:\ti\ccsv6\tools\compiler\ti-cgt-msp430_15.12.1.LTS\lib\</path>
         <kind>archive</kind>
         <file>rts430x_lc_ld_eabi.lib</file>
         <name>frcdivd.obj</name>
      </input_file>
      <input_file id="fl-41">
         <path>F:\ti\ccsv6\tools\compiler\ti-cgt-msp430_15.12.1.LTS\lib\</path>
         <kind>archive</kind>
         <file>rts430x_lc_ld_eabi.lib</file>
         <name>int41.obj</name>
      </input_file>
      <input_file id="fl-42">
         <path>F:\ti\ccsv6\tools\compiler\ti-cgt-msp430_15.12.1.LTS\lib\</path>
         <kind>archive</kind>
         <file>rts430x_lc_ld_eabi.lib</file>
         <name>int43.obj</name>
      </input_file>
      <input_file id="fl-43">
         <path>F:\ti\ccsv6\tools\compiler\ti-cgt-msp430_15.12.1.LTS\lib\</path>
         <kind>archive</kind>
         <file>rts430x_lc_ld_eabi.lib</file>
         <name>int44.obj</name>
      </input_file>
      <input_file id="fl-44">
         <path>F:\ti\ccsv6\tools\compiler\ti-cgt-msp430_15.12.1.LTS\lib\</path>
         <kind>archive</kind>
         <file>rts430x_lc_ld_eabi.lib</file>
         <name>int46.obj</name>
      </input_file>
      <input_file id="fl-45">
         <path>F:\ti\ccsv6\tools\compiler\ti-cgt-msp430_15.12.1.LTS\lib\</path>
         <kind>archive</kind>
         <file>rts430x_lc_ld_eabi.lib</file>
         <name>int48.obj</name>
      </input_file>
      <input_file id="fl-46">
         <path>F:\ti\ccsv6\tools\compiler\ti-cgt-msp430_15.12.1.LTS\lib\</path>
         <kind>archive</kind>
         <file>rts430x_lc_ld_eabi.lib</file>
         <name>int49.obj</name>
      </input_file>
      <input_file id="fl-47">
         <path>F:\ti\ccsv6\tools\compiler\ti-cgt-msp430_15.12.1.LTS\lib\</path>
         <kind>archive</kind>
         <file>rts430x_lc_ld_eabi.lib</file>
         <name>int50.obj</name>
      </input_file>
      <input_file id="fl-48">
         <path>F:\ti\ccsv6\tools\compiler\ti-cgt-msp430_15.12.1.LTS\lib\</path>
         <kind>archive</kind>
         <file>rts430x_lc_ld_eabi.lib</file>
         <name>int51.obj</name>
      </input_file>
      <input_file id="fl-49">
         <path>F:\ti\ccsv6\tools\compiler\ti-cgt-msp430_15.12.1.LTS\lib\</path>
         <kind>archive</kind>
         <file>rts430x_lc_ld_eabi.lib</file>
         <name>int52.obj</name>
      </input_file>
      <input_file id="fl-4a">
         <path>F:\ti\ccsv6\tools\compiler\ti-cgt-msp430_15.12.1.LTS\lib\</path>
         <kind>archive</kind>
         <file>rts430x_lc_ld_eabi.lib</file>
         <name>int54.obj</name>
      </input_file>
      <input_file id="fl-4b">
         <path>F:\ti\ccsv6\tools\compiler\ti-cgt-msp430_15.12.1.LTS\lib\</path>
         <kind>archive</kind>
         <file>rts430x_lc_ld_eabi.lib</file>
         <name>int55.obj</name>
      </input_file>
      <input_file id="fl-4c">
         <path>F:\ti\ccsv6\tools\compiler\ti-cgt-msp430_15.12.1.LTS\lib\</path>
         <kind>archive</kind>
         <file>rts430x_lc_ld_eabi.lib</file>
         <name>int57.obj</name>
      </input_file>
      <input_file id="fl-4d">
         <path>F:\ti\ccsv6\tools\compiler\ti-cgt-msp430_15.12.1.LTS\lib\</path>
         <kind>archive</kind>
         <file>rts430x_lc_ld_eabi.lib</file>
         <name>int58.obj</name>
      </input_file>
      <input_file id="fl-4e">
         <path>F:\ti\ccsv6\tools\compiler\ti-cgt-msp430_15.12.1.LTS\lib\</path>
         <kind>archive</kind>
         <file>rts430x_lc_ld_eabi.lib</file>
         <name>int59.obj</name>
      </input_file>
      <input_file id="fl-4f">
         <path>F:\ti\ccsv6\tools\compiler\ti-cgt-msp430_15.12.1.LTS\lib\</path>
         <kind>archive</kind>
         <file>rts430x_lc_ld_eabi.lib</file>
         <name>int60.obj</name>
      </input_file>
      <input_file id="fl-50">
         <path>F:\ti\ccsv6\tools\compiler\ti-cgt-msp430_15.12.1.LTS\lib\</path>
         <kind>archive</kind>
         <file>rts430x_lc_ld_eabi.lib</file>
         <name>int61.obj</name>
      </input_file>
      <input_file id="fl-51">
         <path>F:\ti\ccsv6\tools\compiler\ti-cgt-msp430_15.12.1.LTS\lib\</path>
         <kind>archive</kind>
         <file>rts430x_lc_ld_eabi.lib</file>
         <name>int62.obj</name>
      </input_file>
      <input_file id="fl-52">
         <path>F:\ti\ccsv6\tools\compiler\ti-cgt-msp430_15.12.1.LTS\lib\</path>
         <kind>archive</kind>
         <file>rts430x_lc_ld_eabi.lib</file>
         <name>isr_trap.obj</name>
      </input_file>
      <input_file id="fl-53">
         <path>F:\ti\ccsv6\tools\compiler\ti-cgt-msp430_15.12.1.LTS\lib\</path>
         <kind>archive</kind>
         <file>rts430x_lc_ld_eabi.lib</file>
         <name>lsl16.obj</name>
      </input_file>
      <input_file id="fl-54">
         <path>F:\ti\ccsv6\tools\compiler\ti-cgt-msp430_15.12.1.LTS\lib\</path>
         <kind>archive</kind>
         <file>rts430x_lc_ld_eabi.lib</file>
         <name>lsl32.obj</name>
      </input_file>
      <input_file id="fl-55">
         <path>F:\ti\ccsv6\tools\compiler\ti-cgt-msp430_15.12.1.LTS\lib\</path>
         <kind>archive</kind>
         <file>rts430x_lc_ld_eabi.lib</file>
         <name>lsr32.obj</name>
      </input_file>
      <input_file id="fl-56">
         <path>F:\ti\ccsv6\tools\compiler\ti-cgt-msp430_15.12.1.LTS\lib\</path>
         <kind>archive</kind>
         <file>rts430x_lc_ld_eabi.lib</file>
         <name>lsr64.obj</name>
      </input_file>
      <input_file id="fl-57">
         <path>F:\ti\ccsv6\tools\compiler\ti-cgt-msp430_15.12.1.LTS\lib\</path>
         <kind>archive</kind>
         <file>rts430x_lc_ld_eabi.lib</file>
         <name>memcpy.obj</name>
      </input_file>
      <input_file id="fl-58">
         <path>F:\ti\ccsv6\tools\compiler\ti-cgt-msp430_15.12.1.LTS\lib\</path>
         <kind>archive</kind>
         <file>rts430x_lc_ld_eabi.lib</file>
         <name>mpu_init.obj</name>
      </input_file>
      <input_file id="fl-59">
         <path>F:\ti\ccsv6\tools\compiler\ti-cgt-msp430_15.12.1.LTS\lib\</path>
         <kind>archive</kind>
         <file>rts430x_lc_ld_eabi.lib</file>
         <name>mpyd.obj</name>
      </input_file>
      <input_file id="fl-5a">
         <path>F:\ti\ccsv6\tools\compiler\ti-cgt-msp430_15.12.1.LTS\lib\</path>
         <kind>archive</kind>
         <file>rts430x_lc_ld_eabi.lib</file>
         <name>mult16.obj</name>
      </input_file>
      <input_file id="fl-5b">
         <path>F:\ti\ccsv6\tools\compiler\ti-cgt-msp430_15.12.1.LTS\lib\</path>
         <kind>archive</kind>
         <file>rts430x_lc_ld_eabi.lib</file>
         <name>mult1632_f5hw.obj</name>
      </input_file>
      <input_file id="fl-5c">
         <path>F:\ti\ccsv6\tools\compiler\ti-cgt-msp430_15.12.1.LTS\lib\</path>
         <kind>archive</kind>
         <file>rts430x_lc_ld_eabi.lib</file>
         <name>mult16_f5hw.obj</name>
      </input_file>
      <input_file id="fl-5d">
         <path>F:\ti\ccsv6\tools\compiler\ti-cgt-msp430_15.12.1.LTS\lib\</path>
         <kind>archive</kind>
         <file>rts430x_lc_ld_eabi.lib</file>
         <name>mult32.obj</name>
      </input_file>
      <input_file id="fl-5e">
         <path>F:\ti\ccsv6\tools\compiler\ti-cgt-msp430_15.12.1.LTS\lib\</path>
         <kind>archive</kind>
         <file>rts430x_lc_ld_eabi.lib</file>
         <name>mult3264_f5hw.obj</name>
      </input_file>
      <input_file id="fl-5f">
         <path>F:\ti\ccsv6\tools\compiler\ti-cgt-msp430_15.12.1.LTS\lib\</path>
         <kind>archive</kind>
         <file>rts430x_lc_ld_eabi.lib</file>
         <name>mult32_f5hw.obj</name>
      </input_file>
      <input_file id="fl-60">
         <path>F:\ti\ccsv6\tools\compiler\ti-cgt-msp430_15.12.1.LTS\lib\</path>
         <kind>archive</kind>
         <file>rts430x_lc_ld_eabi.lib</file>
         <name>mult64_f5hw.obj</name>
      </input_file>
      <input_file id="fl-61">
         <path>F:\ti\ccsv6\tools\compiler\ti-cgt-msp430_15.12.1.LTS\lib\</path>
         <kind>archive</kind>
         <file>rts430x_lc_ld_eabi.lib</file>
         <name>pre_init.obj</name>
      </input_file>
      <input_file id="fl-62">
         <path>F:\ti\ccsv6\tools\compiler\ti-cgt-msp430_15.12.1.LTS\lib\</path>
         <kind>archive</kind>
         <file>rts430x_lc_ld_eabi.lib</file>
         <name>renormd.obj</name>
      </input_file>
      <input_file id="fl-63">
         <path>F:\ti\ccsv6\tools\compiler\ti-cgt-msp430_15.12.1.LTS\lib\</path>
         <kind>archive</kind>
         <file>rts430x_lc_ld_eabi.lib</file>
         <name>subd.obj</name>
      </input_file>
      <input_file id="fl-64">
         <path>F:\ti\ccsv6\tools\compiler\ti-cgt-msp430_15.12.1.LTS\lib\</path>
         <kind>archive</kind>
         <file>rts430x_lc_ld_eabi.lib</file>
         <name>_lock.obj</name>
      </input_file>
      <input_file id="fl-65">
         <path>F:\ti\ccsv6\tools\compiler\ti-cgt-msp430_15.12.1.LTS\lib\</path>
         <kind>archive</kind>
         <file>rts430x_lc_ld_eabi.lib</file>
         <name>args_main.obj</name>
      </input_file>
      <input_file id="fl-66">
         <path>F:\ti\ccsv6\tools\compiler\ti-cgt-msp430_15.12.1.LTS\lib\</path>
         <kind>archive</kind>
         <file>rts430x_lc_ld_eabi.lib</file>
         <name>autoinit_wdt.obj</name>
      </input_file>
      <input_file id="fl-67">
         <path>F:\ti\ccsv6\tools\compiler\ti-cgt-msp430_15.12.1.LTS\lib\</path>
         <kind>archive</kind>
         <file>rts430x_lc_ld_eabi.lib</file>
         <name>cpy_tbl.obj</name>
      </input_file>
      <input_file id="fl-68">
         <path>F:\ti\ccsv6\tools\compiler\ti-cgt-msp430_15.12.1.LTS\lib\</path>
         <kind>archive</kind>
         <file>rts430x_lc_ld_eabi.lib</file>
         <name>frcmpyd.obj</name>
      </input_file>
      <input_file id="fl-69">
         <path>F:\ti\ccsv6\tools\compiler\ti-cgt-msp430_15.12.1.LTS\lib\</path>
         <kind>archive</kind>
         <file>rts430x_lc_ld_eabi.lib</file>
         <name>startup.obj</name>
      </input_file>
   </input_file_list>
   <object_component_list>
      <object_component id="oc-5de">
         <name>.common:IR_Old</name>
         <uninitialized>true</uninitialized>
         <run_address>0x4242</run_address>
         <size>0x10</size>
      </object_component>
      <object_component id="oc-5d0">
         <name>.common:RD_Old</name>
         <uninitialized>true</uninitialized>
         <run_address>0x4252</run_address>
         <size>0x10</size>
      </object_component>
      <object_component id="oc-495">
         <name>.common:txString</name>
         <uninitialized>true</uninitialized>
         <run_address>0x4262</run_address>
         <size>0xe</size>
      </object_component>
      <object_component id="oc-4ab">
         <name>.common:RD_group</name>
         <uninitialized>true</uninitialized>
         <run_address>0x3fc2</run_address>
         <size>0x200</size>
      </object_component>
      <object_component id="oc-4aa">
         <name>.common:IR_group</name>
         <uninitialized>true</uninitialized>
         <run_address>0x3dc2</run_address>
         <size>0x200</size>
      </object_component>
      <object_component id="oc-4b3">
         <name>.common:Diff_RD_group</name>
         <uninitialized>true</uninitialized>
         <run_address>0x3bc2</run_address>
         <size>0x200</size>
      </object_component>
      <object_component id="oc-4b2">
         <name>.common:Diff_IR_group</name>
         <uninitialized>true</uninitialized>
         <run_address>0x39c2</run_address>
         <size>0x200</size>
      </object_component>
      <object_component id="oc-4a9">
         <name>.common:moving_window</name>
         <uninitialized>true</uninitialized>
         <run_address>0x41c2</run_address>
         <size>0x80</size>
      </object_component>
      <object_component id="oc-514">
         <name>.common:min</name>
         <uninitialized>true</uninitialized>
         <run_address>0x4270</run_address>
         <size>0x4</size>
      </object_component>
      <object_component id="oc-515">
         <name>.common:location_min</name>
         <uninitialized>true</uninitialized>
         <run_address>0x4274</run_address>
         <size>0x1</size>
      </object_component>
      <object_component id="oc-516">
         <name>.common:location_min_adjust</name>
         <uninitialized>true</uninitialized>
         <run_address>0x4275</run_address>
         <size>0x1</size>
      </object_component>
      <object_component id="oc-58a">
         <name>.common:OLED_GRAM</name>
         <uninitialized>true</uninitialized>
         <run_address>0x35c2</run_address>
         <size>0x400</size>
      </object_component>
      <object_component id="oc-451">
         <name>.data</name>
         <load_address>0x3480</load_address>
         <run_address>0x3480</run_address>
         <size>0x9e</size>
         <input_file_ref idref="fl-2"/>
      </object_component>
      <object_component id="oc-487">
         <name>.data:group_heart_rate</name>
         <load_address>0x35be</load_address>
         <run_address>0x35be</run_address>
         <size>0x4</size>
         <input_file_ref idref="fl-2"/>
      </object_component>
      <object_component id="oc-552">
         <name>.data:group_SpO2</name>
         <load_address>0x35ae</load_address>
         <run_address>0x35ae</run_address>
         <size>0x10</size>
         <input_file_ref idref="fl-2"/>
      </object_component>
      <object_component id="oc-6f9">
         <name>.data:AFE44xx_Current_Register_Settings</name>
         <load_address>0x351e</load_address>
         <run_address>0x351e</run_address>
         <size>0x90</size>
         <input_file_ref idref="fl-3"/>
      </object_component>
      <object_component id="oc-650">
         <name>.data:Hzk</name>
         <load_address>0x2400</load_address>
         <run_address>0x2400</run_address>
         <size>0x1080</size>
         <input_file_ref idref="fl-9"/>
      </object_component>
      <object_component id="oc-3bc">
         <name>.stack</name>
         <uninitialized>true</uninitialized>
         <run_address>0x42c0</run_address>
         <size>0x4</size>
         <input_file_ref idref="fl-2f"/>
      </object_component>
      <object_component id="oc-7b2">
         <name>.stack</name>
         <uninitialized>true</uninitialized>
         <run_address>0x42c0</run_address>
         <size>0x0</size>
      </object_component>
      <object_component id="oc-45a">
         <name>.text:choose</name>
         <load_address>0x10000</load_address>
         <run_address>0x10000</run_address>
         <size>0x10f8</size>
         <input_file_ref idref="fl-9"/>
      </object_component>
      <object_component id="oc-424">
         <name>.text:main</name>
         <load_address>0x110f8</load_address>
         <run_address>0x110f8</run_address>
         <size>0x900</size>
         <input_file_ref idref="fl-2"/>
      </object_component>
      <object_component id="oc-674">
         <name>.text:__TI_frcdivd</name>
         <load_address>0x119f8</load_address>
         <run_address>0x119f8</run_address>
         <size>0x486</size>
         <input_file_ref idref="fl-40"/>
      </object_component>
      <object_component id="oc-66a">
         <name>.text:__TI_frcmpyd</name>
         <load_address>0x11e7e</load_address>
         <run_address>0x11e7e</run_address>
         <size>0x2e4</size>
         <input_file_ref idref="fl-68"/>
      </object_component>
      <object_component id="oc-52e">
         <name>.text:__mspabi_addd</name>
         <load_address>0x12162</load_address>
         <run_address>0x12162</run_address>
         <size>0x2d8</size>
         <input_file_ref idref="fl-2d"/>
      </object_component>
      <object_component id="oc-534">
         <name>.text:__mspabi_mpyd</name>
         <load_address>0x1243a</load_address>
         <run_address>0x1243a</run_address>
         <size>0x282</size>
         <input_file_ref idref="fl-59"/>
      </object_component>
      <object_component id="oc-662">
         <name>.text:__TI_frcaddd</name>
         <load_address>0x126bc</load_address>
         <run_address>0x126bc</run_address>
         <size>0x252</size>
         <input_file_ref idref="fl-3f"/>
      </object_component>
      <object_component id="oc-546">
         <name>.text:__mspabi_divd</name>
         <load_address>0x1290e</load_address>
         <run_address>0x1290e</run_address>
         <size>0x222</size>
         <input_file_ref idref="fl-38"/>
      </object_component>
      <object_component id="oc-63c">
         <name>.text:AFE44xx_Default_Reg_Init</name>
         <load_address>0x12b30</load_address>
         <run_address>0x12b30</run_address>
         <size>0x1f4</size>
         <input_file_ref idref="fl-3"/>
      </object_component>
      <object_component id="oc-4a3">
         <name>.text:IR_Filter</name>
         <load_address>0x12d24</load_address>
         <run_address>0x12d24</run_address>
         <size>0x188</size>
         <input_file_ref idref="fl-2"/>
      </object_component>
      <object_component id="oc-49d">
         <name>.text:RD_Filter</name>
         <load_address>0x12eac</load_address>
         <run_address>0x12eac</run_address>
         <size>0x188</size>
         <input_file_ref idref="fl-2"/>
      </object_component>
      <object_component id="oc-508">
         <name>.text:Oled_Init</name>
         <load_address>0x13034</load_address>
         <run_address>0x13034</run_address>
         <size>0xea</size>
         <input_file_ref idref="fl-9"/>
      </object_component>
      <object_component id="oc-61f">
         <name>.text:SetVCoreUp</name>
         <load_address>0x1311e</load_address>
         <run_address>0x1311e</run_address>
         <size>0xd4</size>
         <input_file_ref idref="fl-6"/>
      </object_component>
      <object_component id="oc-714">
         <name>.text:__TI_renormd</name>
         <load_address>0x131f2</load_address>
         <run_address>0x131f2</run_address>
         <size>0xb2</size>
         <input_file_ref idref="fl-62"/>
      </object_component>
      <object_component id="oc-40a">
         <name>.text:_auto_init_hold_wdt</name>
         <load_address>0x132a4</load_address>
         <run_address>0x132a4</run_address>
         <size>0xa8</size>
         <input_file_ref idref="fl-66"/>
      </object_component>
      <object_component id="oc-555">
         <name>.text:OLED_ShowNum</name>
         <load_address>0x1334c</load_address>
         <run_address>0x1334c</run_address>
         <size>0xa4</size>
         <input_file_ref idref="fl-9"/>
      </object_component>
      <object_component id="oc-528">
         <name>.text:__mspabi_fltlid</name>
         <load_address>0x133f0</load_address>
         <run_address>0x133f0</run_address>
         <size>0x9e</size>
         <input_file_ref idref="fl-3e"/>
      </object_component>
      <object_component id="oc-625">
         <name>.text:SetVCoreDown</name>
         <load_address>0x1348e</load_address>
         <run_address>0x1348e</run_address>
         <size>0x9a</size>
         <input_file_ref idref="fl-6"/>
      </object_component>
      <object_component id="oc-56d">
         <name>.text:READ_T</name>
         <load_address>0x13528</load_address>
         <run_address>0x13528</run_address>
         <size>0x98</size>
         <input_file_ref idref="fl-b"/>
      </object_component>
      <object_component id="oc-69b">
         <name>.text:IIC_Send</name>
         <load_address>0x135c0</load_address>
         <run_address>0x135c0</run_address>
         <size>0x96</size>
         <input_file_ref idref="fl-b"/>
      </object_component>
      <object_component id="oc-567">
         <name>.text:READ_RH</name>
         <load_address>0x13656</load_address>
         <run_address>0x13656</run_address>
         <size>0x92</size>
         <input_file_ref idref="fl-b"/>
      </object_component>
      <object_component id="oc-47b">
         <name>.text:team_name</name>
         <load_address>0x136e8</load_address>
         <run_address>0x136e8</run_address>
         <size>0x7c</size>
         <input_file_ref idref="fl-9"/>
      </object_component>
      <object_component id="oc-4c9">
         <name>.text:copy_in</name>
         <load_address>0x13764</load_address>
         <run_address>0x13764</run_address>
         <size>0x72</size>
         <input_file_ref idref="fl-67"/>
      </object_component>
      <object_component id="oc-48f">
         <name>.text:AFE44x0_Reg_Read</name>
         <load_address>0x137d6</load_address>
         <run_address>0x137d6</run_address>
         <size>0x6c</size>
         <input_file_ref idref="fl-3"/>
      </object_component>
      <object_component id="oc-594">
         <name>.text:OLED_ShowChar</name>
         <load_address>0x13842</load_address>
         <run_address>0x13842</run_address>
         <size>0x6c</size>
         <input_file_ref idref="fl-9"/>
      </object_component>
      <object_component id="oc-3cd">
         <name>.text:__TI_decompress_rle_core</name>
         <load_address>0x138ae</load_address>
         <run_address>0x138ae</run_address>
         <size>0x68</size>
         <input_file_ref idref="fl-32"/>
      </object_component>
      <object_component id="oc-51d">
         <name>.text:OLED_ShowCHinese</name>
         <load_address>0x13916</load_address>
         <run_address>0x13916</run_address>
         <size>0x66</size>
         <input_file_ref idref="fl-9"/>
      </object_component>
      <object_component id="oc-5d7">
         <name>.text:__mspabi_fixdli</name>
         <load_address>0x1397c</load_address>
         <run_address>0x1397c</run_address>
         <size>0x66</size>
         <input_file_ref idref="fl-3c"/>
      </object_component>
      <object_component id="oc-6f3">
         <name>.text:AFE44x0_Reg_Write</name>
         <load_address>0x139e2</load_address>
         <run_address>0x139e2</run_address>
         <size>0x58</size>
         <input_file_ref idref="fl-3"/>
      </object_component>
      <object_component id="oc-5e7">
         <name>.text</name>
         <load_address>0x13a3a</load_address>
         <run_address>0x13a3a</run_address>
         <size>0x58</size>
         <input_file_ref idref="fl-37"/>
      </object_component>
      <object_component id="oc-573">
         <name>.text:UV_Read</name>
         <load_address>0x13a92</load_address>
         <run_address>0x13a92</run_address>
         <size>0x56</size>
         <input_file_ref idref="fl-c"/>
      </object_component>
      <object_component id="oc-561">
         <name>.text:Read_BH1750FVI</name>
         <load_address>0x13ae8</load_address>
         <run_address>0x13ae8</run_address>
         <size>0x54</size>
         <input_file_ref idref="fl-a"/>
      </object_component>
      <object_component id="oc-5ed">
         <name>.text:OLED_DrawPoint</name>
         <load_address>0x13b3c</load_address>
         <run_address>0x13b3c</run_address>
         <size>0x52</size>
         <input_file_ref idref="fl-9"/>
      </object_component>
      <object_component id="oc-6ed">
         <name>.text:Disable_AFE44x0_SPI_Read</name>
         <load_address>0x13b8e</load_address>
         <run_address>0x13b8e</run_address>
         <size>0x4e</size>
         <input_file_ref idref="fl-3"/>
      </object_component>
      <object_component id="oc-6fc">
         <name>.text:Enable_AFE44x0_SPI_Read</name>
         <load_address>0x13bdc</load_address>
         <run_address>0x13bdc</run_address>
         <size>0x4e</size>
         <input_file_ref idref="fl-3"/>
      </object_component>
      <object_component id="oc-517">
         <name>.text:WARNING</name>
         <load_address>0x13c2a</load_address>
         <run_address>0x13c2a</run_address>
         <size>0x4a</size>
         <input_file_ref idref="fl-2"/>
      </object_component>
      <object_component id="oc-454">
         <name>.text:OLED_Clear</name>
         <load_address>0x13c74</load_address>
         <run_address>0x13c74</run_address>
         <size>0x48</size>
         <input_file_ref idref="fl-9"/>
      </object_component>
      <object_component id="oc-58d">
         <name>.text:OLED_RefleshGram</name>
         <load_address>0x13cbc</load_address>
         <run_address>0x13cbc</run_address>
         <size>0x48</size>
         <input_file_ref idref="fl-9"/>
      </object_component>
      <object_component id="oc-50e">
         <name>.text:AFE44xx_PowerOn_Init</name>
         <load_address>0x13d04</load_address>
         <run_address>0x13d04</run_address>
         <size>0x42</size>
         <input_file_ref idref="fl-3"/>
      </object_component>
      <object_component id="oc-463">
         <name>.text:OLED_ShowString</name>
         <load_address>0x13d46</load_address>
         <run_address>0x13d46</run_address>
         <size>0x42</size>
         <input_file_ref idref="fl-9"/>
      </object_component>
      <object_component id="oc-4f0">
         <name>.text:SetVCore</name>
         <load_address>0x13d88</load_address>
         <run_address>0x13d88</run_address>
         <size>0x40</size>
         <input_file_ref idref="fl-6"/>
      </object_component>
      <object_component id="oc-4b4">
         <name>.text</name>
         <load_address>0x13dc8</load_address>
         <run_address>0x13dc8</run_address>
         <size>0x40</size>
         <input_file_ref idref="fl-36"/>
      </object_component>
      <object_component id="oc-68d">
         <name>.text:IIC_ReadByte</name>
         <load_address>0x13e08</load_address>
         <run_address>0x13e08</run_address>
         <size>0x3e</size>
         <input_file_ref idref="fl-9"/>
      </object_component>
      <object_component id="oc-4bf">
         <name>.text:l_asr_const</name>
         <load_address>0x13e46</load_address>
         <run_address>0x13e46</run_address>
         <size>0x3e</size>
         <input_file_ref idref="fl-2e"/>
      </object_component>
      <object_component id="oc-5c1">
         <name>.text:l_lsl_const</name>
         <load_address>0x13e84</load_address>
         <run_address>0x13e84</run_address>
         <size>0x3e</size>
         <input_file_ref idref="fl-54"/>
      </object_component>
      <object_component id="oc-498">
         <name>.text:l_lsr_const</name>
         <load_address>0x13ec2</load_address>
         <run_address>0x13ec2</run_address>
         <size>0x3e</size>
         <input_file_ref idref="fl-55"/>
      </object_component>
      <object_component id="oc-5a9">
         <name>.text:IIC_SendByte</name>
         <load_address>0x13f00</load_address>
         <run_address>0x13f00</run_address>
         <size>0x36</size>
         <input_file_ref idref="fl-9"/>
      </object_component>
      <object_component id="oc-6df">
         <name>.text:Spi_Init</name>
         <load_address>0x13f36</load_address>
         <run_address>0x13f36</run_address>
         <size>0x36</size>
         <input_file_ref idref="fl-3"/>
      </object_component>
      <object_component id="oc-693">
         <name>.text:IIC_SendAck</name>
         <load_address>0x13f6c</load_address>
         <run_address>0x13f6c</run_address>
         <size>0x34</size>
         <input_file_ref idref="fl-9"/>
      </object_component>
      <object_component id="oc-4b9">
         <name>.text:OLED_Fill</name>
         <load_address>0x13fa0</load_address>
         <run_address>0x13fa0</run_address>
         <size>0x32</size>
         <input_file_ref idref="fl-9"/>
      </object_component>
      <object_component id="oc-540">
         <name>.text:__mspabi_subd</name>
         <load_address>0x13fd2</load_address>
         <run_address>0x13fd2</run_address>
         <size>0x32</size>
         <input_file_ref idref="fl-63"/>
      </object_component>
      <object_component id="oc-643">
         <name>.text:fill_picture</name>
         <load_address>0x14004</load_address>
         <run_address>0x14004</run_address>
         <size>0x30</size>
         <input_file_ref idref="fl-9"/>
      </object_component>
      <object_component id="oc-5a3">
         <name>.text:IIC_Start</name>
         <load_address>0x14034</load_address>
         <run_address>0x14034</run_address>
         <size>0x2e</size>
         <input_file_ref idref="fl-9"/>
      </object_component>
      <object_component id="oc-653">
         <name>.text:WriteData_oled</name>
         <load_address>0x14062</load_address>
         <run_address>0x14062</run_address>
         <size>0x2e</size>
         <input_file_ref idref="fl-9"/>
      </object_component>
      <object_component id="oc-584">
         <name>.text:WriteCommand_oled</name>
         <load_address>0x14090</load_address>
         <run_address>0x14090</run_address>
         <size>0x2c</size>
         <input_file_ref idref="fl-9"/>
      </object_component>
      <object_component id="oc-4ac">
         <name>.text:diff</name>
         <load_address>0x140bc</load_address>
         <run_address>0x140bc</run_address>
         <size>0x2c</size>
         <input_file_ref idref="fl-2"/>
      </object_component>
      <object_component id="oc-482">
         <name>.text</name>
         <load_address>0x140e8</load_address>
         <run_address>0x140e8</run_address>
         <size>0x2c</size>
         <input_file_ref idref="fl-34"/>
      </object_component>
      <object_component id="oc-5af">
         <name>.text:IIC_Stop</name>
         <load_address>0x14114</load_address>
         <run_address>0x14114</run_address>
         <size>0x2a</size>
         <input_file_ref idref="fl-9"/>
      </object_component>
      <object_component id="oc-3c0">
         <name>.text:memcpy</name>
         <load_address>0x1413e</load_address>
         <run_address>0x1413e</run_address>
         <size>0x2a</size>
         <input_file_ref idref="fl-57"/>
      </object_component>
      <object_component id="oc-59c">
         <name>.text:BH_Write</name>
         <load_address>0x14168</load_address>
         <run_address>0x14168</run_address>
         <size>0x28</size>
         <input_file_ref idref="fl-a"/>
      </object_component>
      <object_component id="oc-54c">
         <name>.text:__mspabi_fixdi</name>
         <load_address>0x14190</load_address>
         <run_address>0x14190</run_address>
         <size>0x28</size>
         <input_file_ref idref="fl-3b"/>
      </object_component>
      <object_component id="oc-64a">
         <name>.text:OLED_Set_Pos</name>
         <load_address>0x141b8</load_address>
         <run_address>0x141b8</run_address>
         <size>0x24</size>
         <input_file_ref idref="fl-9"/>
      </object_component>
      <object_component id="oc-523">
         <name>.text</name>
         <load_address>0x141dc</load_address>
         <run_address>0x141dc</run_address>
         <size>0x24</size>
         <input_file_ref idref="fl-5f"/>
      </object_component>
      <object_component id="oc-67f">
         <name>.text:oled_pow</name>
         <load_address>0x14200</load_address>
         <run_address>0x14200</run_address>
         <size>0x20</size>
         <input_file_ref idref="fl-9"/>
      </object_component>
      <object_component id="oc-636">
         <name>.text:Init_AFE44xx_DRDY_Interrupt</name>
         <load_address>0x14220</load_address>
         <run_address>0x14220</run_address>
         <size>0x1e</size>
         <input_file_ref idref="fl-3"/>
      </object_component>
      <object_component id="oc-475">
         <name>.text:HTU21_Init</name>
         <load_address>0x1423e</load_address>
         <run_address>0x1423e</run_address>
         <size>0x1a</size>
         <input_file_ref idref="fl-b"/>
      </object_component>
      <object_component id="oc-4f6">
         <name>.text:IR_reset</name>
         <load_address>0x14258</load_address>
         <run_address>0x14258</run_address>
         <size>0x1a</size>
         <input_file_ref idref="fl-2"/>
      </object_component>
      <object_component id="oc-4fc">
         <name>.text:RD_reset</name>
         <load_address>0x14272</load_address>
         <run_address>0x14272</run_address>
         <size>0x1a</size>
         <input_file_ref idref="fl-2"/>
      </object_component>
      <object_component id="oc-6d9">
         <name>.text:Set_GPIO</name>
         <load_address>0x1428c</load_address>
         <run_address>0x1428c</run_address>
         <size>0x1a</size>
         <input_file_ref idref="fl-3"/>
      </object_component>
      <object_component id="oc-46f">
         <name>.text:UV_Init</name>
         <load_address>0x142a6</load_address>
         <run_address>0x142a6</run_address>
         <size>0x1a</size>
         <input_file_ref idref="fl-c"/>
      </object_component>
      <object_component id="oc-469">
         <name>.text:BH1750FVI_Init</name>
         <load_address>0x142c0</load_address>
         <run_address>0x142c0</run_address>
         <size>0x18</size>
         <input_file_ref idref="fl-a"/>
      </object_component>
      <object_component id="oc-48a">
         <name>.text</name>
         <load_address>0x142d8</load_address>
         <run_address>0x142d8</run_address>
         <size>0x18</size>
         <input_file_ref idref="fl-5c"/>
      </object_component>
      <object_component id="oc-687">
         <name>.text:IIC_Wait_Ack</name>
         <load_address>0x142f0</load_address>
         <run_address>0x142f0</run_address>
         <size>0x16</size>
         <input_file_ref idref="fl-9"/>
      </object_component>
      <object_component id="oc-6c">
         <name>.text:decompress:none:__TI_decompress_none</name>
         <load_address>0x14306</load_address>
         <run_address>0x14306</run_address>
         <size>0x16</size>
         <input_file_ref idref="fl-31"/>
      </object_component>
      <object_component id="oc-5b8">
         <name>.text</name>
         <load_address>0x1431c</load_address>
         <run_address>0x1431c</run_address>
         <size>0x16</size>
         <input_file_ref idref="fl-35"/>
      </object_component>
      <object_component id="oc-502">
         <name>.text:IIC_Init</name>
         <load_address>0x14332</load_address>
         <run_address>0x14332</run_address>
         <size>0x12</size>
         <input_file_ref idref="fl-9"/>
      </object_component>
      <object_component id="oc-55b">
         <name>.text:Start_BH1750</name>
         <load_address>0x14344</load_address>
         <run_address>0x14344</run_address>
         <size>0x10</size>
         <input_file_ref idref="fl-a"/>
      </object_component>
      <object_component id="oc-70f">
         <name>.text:l_asr</name>
         <load_address>0x14354</load_address>
         <run_address>0x14354</run_address>
         <size>0x10</size>
         <input_file_ref idref="fl-2e"/>
      </object_component>
      <object_component id="oc-70a">
         <name>.text:l_lsl</name>
         <load_address>0x14364</load_address>
         <run_address>0x14364</run_address>
         <size>0x10</size>
         <input_file_ref idref="fl-54"/>
      </object_component>
      <object_component id="oc-6ba">
         <name>.text:l_lsr</name>
         <load_address>0x14374</load_address>
         <run_address>0x14374</run_address>
         <size>0x10</size>
         <input_file_ref idref="fl-55"/>
      </object_component>
      <object_component id="oc-53a">
         <name>.text:__mspabi_fltid</name>
         <load_address>0x14384</load_address>
         <run_address>0x14384</run_address>
         <size>0xc</size>
         <input_file_ref idref="fl-3d"/>
      </object_component>
      <object_component id="oc-6e6">
         <name>.text:Enable_AFE44xx_DRDY_Interrupt</name>
         <load_address>0x14390</load_address>
         <run_address>0x14390</run_address>
         <size>0xa</size>
         <input_file_ref idref="fl-3"/>
      </object_component>
      <object_component id="oc-630">
         <name>.text:Init_AFE44xx_Resource</name>
         <load_address>0x1439a</load_address>
         <run_address>0x1439a</run_address>
         <size>0xa</size>
         <input_file_ref idref="fl-3"/>
      </object_component>
      <object_component id="oc-6c5">
         <name>.text</name>
         <load_address>0x143a4</load_address>
         <run_address>0x143a4</run_address>
         <size>0xa</size>
         <input_file_ref idref="fl-53"/>
      </object_component>
      <object_component id="oc-42c">
         <name>.text:abort</name>
         <load_address>0x143ae</load_address>
         <run_address>0x143ae</run_address>
         <size>0x6</size>
         <input_file_ref idref="fl-39"/>
      </object_component>
      <object_component id="oc-72">
         <name>.text:decompress:rle24:__TI_decompress_rle24</name>
         <load_address>0x143b4</load_address>
         <run_address>0x143b4</run_address>
         <size>0x6</size>
         <input_file_ref idref="fl-32"/>
      </object_component>
      <object_component id="oc-404">
         <name>.text:_system_pre_init</name>
         <load_address>0x143ba</load_address>
         <run_address>0x143ba</run_address>
         <size>0x4</size>
         <input_file_ref idref="fl-61"/>
      </object_component>
      <object_component id="oc-4cf">
         <name>.text:_system_post_cinit</name>
         <load_address>0x143be</load_address>
         <run_address>0x143be</run_address>
         <size>0x2</size>
         <input_file_ref idref="fl-69"/>
      </object_component>
      <object_component id="oc-3f1">
         <name>.text:_isr:TimerA0</name>
         <load_address>0x4400</load_address>
         <run_address>0x4400</run_address>
         <size>0x3ba</size>
         <input_file_ref idref="fl-2"/>
      </object_component>
      <object_component id="oc-3eb">
         <name>.text:_isr:Port_1</name>
         <load_address>0x47ba</load_address>
         <run_address>0x47ba</run_address>
         <size>0x286</size>
         <input_file_ref idref="fl-2"/>
      </object_component>
      <object_component id="oc-3df">
         <name>.text:_isr:Port_2</name>
         <load_address>0x4a40</load_address>
         <run_address>0x4a40</run_address>
         <size>0x12a</size>
         <input_file_ref idref="fl-2"/>
      </object_component>
      <object_component id="oc-ac">
         <name>.text:_isr:_c_int00_noargs_noexit</name>
         <load_address>0x4b6a</load_address>
         <run_address>0x4b6a</run_address>
         <size>0x1a</size>
         <input_file_ref idref="fl-30"/>
      </object_component>
      <object_component id="oc-3f7">
         <name>.text:_isr:USCI_A0_ISR</name>
         <load_address>0x4b84</load_address>
         <run_address>0x4b84</run_address>
         <size>0xa</size>
         <input_file_ref idref="fl-2"/>
      </object_component>
      <object_component id="oc-3e5">
         <name>.text:_isr:USCI_B1_ISR</name>
         <load_address>0x4b8e</load_address>
         <run_address>0x4b8e</run_address>
         <size>0xa</size>
         <input_file_ref idref="fl-3"/>
      </object_component>
      <object_component id="oc-3da">
         <name>.text:_isr:__TI_ISR_TRAP</name>
         <load_address>0x4b98</load_address>
         <run_address>0x4b98</run_address>
         <size>0x8</size>
         <input_file_ref idref="fl-52"/>
      </object_component>
      <object_component id="oc-7b1">
         <name>.cinit..data.load</name>
         <load_address>0x5258</load_address>
         <run_address>0x5258</run_address>
         <size>0x9a3</size>
      </object_component>
      <object_component id="oc-7b0">
         <name>.cinit..bss.load</name>
         <load_address>0x5bfc</load_address>
         <run_address>0x5bfc</run_address>
         <size>0xb</size>
      </object_component>
      <object_component id="oc-7ae">
         <name>__TI_handler_table</name>
         <load_address>0x5c08</load_address>
         <run_address>0x5c08</run_address>
         <size>0x8</size>
      </object_component>
      <object_component id="oc-7af">
         <name>__TI_cinit_table</name>
         <load_address>0x5c10</load_address>
         <run_address>0x5c10</run_address>
         <size>0x10</size>
      </object_component>
      <object_component id="oc-6aa">
         <name>.const:.string:F8X16</name>
         <load_address>0x4ba0</load_address>
         <run_address>0x4ba0</run_address>
         <size>0x5f0</size>
         <input_file_ref idref="fl-9"/>
      </object_component>
      <object_component id="oc-462">
         <name>.const:.string</name>
         <load_address>0x5190</load_address>
         <run_address>0x5190</run_address>
         <size>0x68</size>
         <input_file_ref idref="fl-2"/>
      </object_component>
      <object_component id="oc-5e2">
         <name>.const:IR_A</name>
         <load_address>0x51f8</load_address>
         <run_address>0x51f8</run_address>
         <size>0x18</size>
         <input_file_ref idref="fl-2"/>
      </object_component>
      <object_component id="oc-5df">
         <name>.const:IR_B</name>
         <load_address>0x5210</load_address>
         <run_address>0x5210</run_address>
         <size>0x18</size>
         <input_file_ref idref="fl-2"/>
      </object_component>
      <object_component id="oc-5d4">
         <name>.const:RD_A</name>
         <load_address>0x5228</load_address>
         <run_address>0x5228</run_address>
         <size>0x18</size>
         <input_file_ref idref="fl-2"/>
      </object_component>
      <object_component id="oc-5d1">
         <name>.const:RD_B</name>
         <load_address>0x5240</load_address>
         <run_address>0x5240</run_address>
         <size>0x18</size>
         <input_file_ref idref="fl-2"/>
      </object_component>
      <object_component id="oc-78">
         <name>.int41</name>
         <load_address>0xffd2</load_address>
         <run_address>0xffd2</run_address>
         <size>0x2</size>
         <input_file_ref idref="fl-41"/>
      </object_component>
      <object_component id="oc-79">
         <name>.int42</name>
         <load_address>0xffd4</load_address>
         <run_address>0xffd4</run_address>
         <size>0x2</size>
         <input_file_ref idref="fl-2"/>
      </object_component>
      <object_component id="oc-7a">
         <name>.int43</name>
         <load_address>0xffd6</load_address>
         <run_address>0xffd6</run_address>
         <size>0x2</size>
         <input_file_ref idref="fl-42"/>
      </object_component>
      <object_component id="oc-7b">
         <name>.int44</name>
         <load_address>0xffd8</load_address>
         <run_address>0xffd8</run_address>
         <size>0x2</size>
         <input_file_ref idref="fl-43"/>
      </object_component>
      <object_component id="oc-7c">
         <name>.int45</name>
         <load_address>0xffda</load_address>
         <run_address>0xffda</run_address>
         <size>0x2</size>
         <input_file_ref idref="fl-3"/>
      </object_component>
      <object_component id="oc-7d">
         <name>.int46</name>
         <load_address>0xffdc</load_address>
         <run_address>0xffdc</run_address>
         <size>0x2</size>
         <input_file_ref idref="fl-44"/>
      </object_component>
      <object_component id="oc-7e">
         <name>.int47</name>
         <load_address>0xffde</load_address>
         <run_address>0xffde</run_address>
         <size>0x2</size>
         <input_file_ref idref="fl-2"/>
      </object_component>
      <object_component id="oc-7f">
         <name>.int48</name>
         <load_address>0xffe0</load_address>
         <run_address>0xffe0</run_address>
         <size>0x2</size>
         <input_file_ref idref="fl-45"/>
      </object_component>
      <object_component id="oc-80">
         <name>.int49</name>
         <load_address>0xffe2</load_address>
         <run_address>0xffe2</run_address>
         <size>0x2</size>
         <input_file_ref idref="fl-46"/>
      </object_component>
      <object_component id="oc-81">
         <name>.int50</name>
         <load_address>0xffe4</load_address>
         <run_address>0xffe4</run_address>
         <size>0x2</size>
         <input_file_ref idref="fl-47"/>
      </object_component>
      <object_component id="oc-82">
         <name>.int51</name>
         <load_address>0xffe6</load_address>
         <run_address>0xffe6</run_address>
         <size>0x2</size>
         <input_file_ref idref="fl-48"/>
      </object_component>
      <object_component id="oc-83">
         <name>.int52</name>
         <load_address>0xffe8</load_address>
         <run_address>0xffe8</run_address>
         <size>0x2</size>
         <input_file_ref idref="fl-49"/>
      </object_component>
      <object_component id="oc-84">
         <name>.int53</name>
         <load_address>0xffea</load_address>
         <run_address>0xffea</run_address>
         <size>0x2</size>
         <input_file_ref idref="fl-2"/>
      </object_component>
      <object_component id="oc-85">
         <name>.int54</name>
         <load_address>0xffec</load_address>
         <run_address>0xffec</run_address>
         <size>0x2</size>
         <input_file_ref idref="fl-4a"/>
      </object_component>
      <object_component id="oc-86">
         <name>.int55</name>
         <load_address>0xffee</load_address>
         <run_address>0xffee</run_address>
         <size>0x2</size>
         <input_file_ref idref="fl-4b"/>
      </object_component>
      <object_component id="oc-87">
         <name>.int56</name>
         <load_address>0xfff0</load_address>
         <run_address>0xfff0</run_address>
         <size>0x2</size>
         <input_file_ref idref="fl-2"/>
      </object_component>
      <object_component id="oc-88">
         <name>.int57</name>
         <load_address>0xfff2</load_address>
         <run_address>0xfff2</run_address>
         <size>0x2</size>
         <input_file_ref idref="fl-4c"/>
      </object_component>
      <object_component id="oc-89">
         <name>.int58</name>
         <load_address>0xfff4</load_address>
         <run_address>0xfff4</run_address>
         <size>0x2</size>
         <input_file_ref idref="fl-4d"/>
      </object_component>
      <object_component id="oc-8a">
         <name>.int59</name>
         <load_address>0xfff6</load_address>
         <run_address>0xfff6</run_address>
         <size>0x2</size>
         <input_file_ref idref="fl-4e"/>
      </object_component>
      <object_component id="oc-8b">
         <name>.int60</name>
         <load_address>0xfff8</load_address>
         <run_address>0xfff8</run_address>
         <size>0x2</size>
         <input_file_ref idref="fl-4f"/>
      </object_component>
      <object_component id="oc-8c">
         <name>.int61</name>
         <load_address>0xfffa</load_address>
         <run_address>0xfffa</run_address>
         <size>0x2</size>
         <input_file_ref idref="fl-50"/>
      </object_component>
      <object_component id="oc-8d">
         <name>.int62</name>
         <load_address>0xfffc</load_address>
         <run_address>0xfffc</run_address>
         <size>0x2</size>
         <input_file_ref idref="fl-51"/>
      </object_component>
      <object_component id="oc-3bf">
         <name>.reset</name>
         <load_address>0xfffe</load_address>
         <run_address>0xfffe</run_address>
         <size>0x2</size>
         <input_file_ref idref="fl-2f"/>
      </object_component>
      <object_component id="oc-496">
         <name>.debug_info</name>
         <load_address>0x0</load_address>
         <run_address>0x0</run_address>
         <size>0xc06</size>
         <input_file_ref idref="fl-2"/>
      </object_component>
      <object_component id="oc-5e0">
         <name>.debug_info</name>
         <load_address>0xc06</load_address>
         <run_address>0xc06</run_address>
         <size>0xc7</size>
         <input_file_ref idref="fl-2"/>
      </object_component>
      <object_component id="oc-5e3">
         <name>.debug_info</name>
         <load_address>0xccd</load_address>
         <run_address>0xccd</run_address>
         <size>0xc7</size>
         <input_file_ref idref="fl-2"/>
      </object_component>
      <object_component id="oc-5d2">
         <name>.debug_info</name>
         <load_address>0xd94</load_address>
         <run_address>0xd94</run_address>
         <size>0xc7</size>
         <input_file_ref idref="fl-2"/>
      </object_component>
      <object_component id="oc-5d5">
         <name>.debug_info</name>
         <load_address>0xe5b</load_address>
         <run_address>0xe5b</run_address>
         <size>0xc7</size>
         <input_file_ref idref="fl-2"/>
      </object_component>
      <object_component id="oc-452">
         <name>.debug_info</name>
         <load_address>0xf22</load_address>
         <run_address>0xf22</run_address>
         <size>0x706</size>
         <input_file_ref idref="fl-2"/>
      </object_component>
      <object_component id="oc-488">
         <name>.debug_info</name>
         <load_address>0x1628</load_address>
         <run_address>0x1628</run_address>
         <size>0xdf</size>
         <input_file_ref idref="fl-2"/>
      </object_component>
      <object_component id="oc-553">
         <name>.debug_info</name>
         <load_address>0x1707</load_address>
         <run_address>0x1707</run_address>
         <size>0xd3</size>
         <input_file_ref idref="fl-2"/>
      </object_component>
      <object_component id="oc-425">
         <name>.debug_info</name>
         <load_address>0x17da</load_address>
         <run_address>0x17da</run_address>
         <size>0x5ae</size>
         <input_file_ref idref="fl-2"/>
      </object_component>
      <object_component id="oc-3f2">
         <name>.debug_info</name>
         <load_address>0x1d88</load_address>
         <run_address>0x1d88</run_address>
         <size>0x288</size>
         <input_file_ref idref="fl-2"/>
      </object_component>
      <object_component id="oc-3ec">
         <name>.debug_info</name>
         <load_address>0x2010</load_address>
         <run_address>0x2010</run_address>
         <size>0x30e</size>
         <input_file_ref idref="fl-2"/>
      </object_component>
      <object_component id="oc-3e0">
         <name>.debug_info</name>
         <load_address>0x231e</load_address>
         <run_address>0x231e</run_address>
         <size>0x199</size>
         <input_file_ref idref="fl-2"/>
      </object_component>
      <object_component id="oc-3f8">
         <name>.debug_info</name>
         <load_address>0x24b7</load_address>
         <run_address>0x24b7</run_address>
         <size>0x103</size>
         <input_file_ref idref="fl-2"/>
      </object_component>
      <object_component id="oc-4a4">
         <name>.debug_info</name>
         <load_address>0x25ba</load_address>
         <run_address>0x25ba</run_address>
         <size>0x2ca</size>
         <input_file_ref idref="fl-2"/>
      </object_component>
      <object_component id="oc-4f7">
         <name>.debug_info</name>
         <load_address>0x2884</load_address>
         <run_address>0x2884</run_address>
         <size>0xfc</size>
         <input_file_ref idref="fl-2"/>
      </object_component>
      <object_component id="oc-49e">
         <name>.debug_info</name>
         <load_address>0x2980</load_address>
         <run_address>0x2980</run_address>
         <size>0x2ca</size>
         <input_file_ref idref="fl-2"/>
      </object_component>
      <object_component id="oc-4fd">
         <name>.debug_info</name>
         <load_address>0x2c4a</load_address>
         <run_address>0x2c4a</run_address>
         <size>0xfc</size>
         <input_file_ref idref="fl-2"/>
      </object_component>
      <object_component id="oc-4ad">
         <name>.debug_info</name>
         <load_address>0x2d46</load_address>
         <run_address>0x2d46</run_address>
         <size>0x134</size>
         <input_file_ref idref="fl-2"/>
      </object_component>
      <object_component id="oc-518">
         <name>.debug_info</name>
         <load_address>0x2e7a</load_address>
         <run_address>0x2e7a</run_address>
         <size>0x182</size>
         <input_file_ref idref="fl-2"/>
      </object_component>
      <object_component id="oc-5ca">
         <name>.debug_info</name>
         <load_address>0x2ffc</load_address>
         <run_address>0x2ffc</run_address>
         <size>0xed</size>
         <input_file_ref idref="fl-2"/>
      </object_component>
      <object_component id="oc-43a">
         <name>.debug_info</name>
         <load_address>0x30e9</load_address>
         <run_address>0x30e9</run_address>
         <size>0x84</size>
         <input_file_ref idref="fl-2"/>
      </object_component>
      <object_component id="oc-57f">
         <name>.debug_info</name>
         <load_address>0x316d</load_address>
         <run_address>0x316d</run_address>
         <size>0x18b</size>
         <input_file_ref idref="fl-2"/>
      </object_component>
      <object_component id="oc-441">
         <name>.debug_info</name>
         <load_address>0x32f8</load_address>
         <run_address>0x32f8</run_address>
         <size>0x2c</size>
         <input_file_ref idref="fl-2"/>
      </object_component>
      <object_component id="oc-5c7">
         <name>.debug_info</name>
         <load_address>0x3324</load_address>
         <run_address>0x3324</run_address>
         <size>0x407</size>
         <input_file_ref idref="fl-3"/>
      </object_component>
      <object_component id="oc-6fa">
         <name>.debug_info</name>
         <load_address>0x372b</load_address>
         <run_address>0x372b</run_address>
         <size>0x10c</size>
         <input_file_ref idref="fl-3"/>
      </object_component>
      <object_component id="oc-6e2">
         <name>.debug_info</name>
         <load_address>0x3837</load_address>
         <run_address>0x3837</run_address>
         <size>0x11a</size>
         <input_file_ref idref="fl-3"/>
      </object_component>
      <object_component id="oc-638">
         <name>.debug_info</name>
         <load_address>0x3951</load_address>
         <run_address>0x3951</run_address>
         <size>0x164</size>
         <input_file_ref idref="fl-3"/>
      </object_component>
      <object_component id="oc-6e8">
         <name>.debug_info</name>
         <load_address>0x3ab5</load_address>
         <run_address>0x3ab5</run_address>
         <size>0x144</size>
         <input_file_ref idref="fl-3"/>
      </object_component>
      <object_component id="oc-6db">
         <name>.debug_info</name>
         <load_address>0x3bf9</load_address>
         <run_address>0x3bf9</run_address>
         <size>0x11a</size>
         <input_file_ref idref="fl-3"/>
      </object_component>
      <object_component id="oc-632">
         <name>.debug_info</name>
         <load_address>0x3d13</load_address>
         <run_address>0x3d13</run_address>
         <size>0x152</size>
         <input_file_ref idref="fl-3"/>
      </object_component>
      <object_component id="oc-63e">
         <name>.debug_info</name>
         <load_address>0x3e65</load_address>
         <run_address>0x3e65</run_address>
         <size>0x4bf</size>
         <input_file_ref idref="fl-3"/>
      </object_component>
      <object_component id="oc-510">
         <name>.debug_info</name>
         <load_address>0x4324</load_address>
         <run_address>0x4324</run_address>
         <size>0x1b1</size>
         <input_file_ref idref="fl-3"/>
      </object_component>
      <object_component id="oc-6f5">
         <name>.debug_info</name>
         <load_address>0x44d5</load_address>
         <run_address>0x44d5</run_address>
         <size>0x1c6</size>
         <input_file_ref idref="fl-3"/>
      </object_component>
      <object_component id="oc-491">
         <name>.debug_info</name>
         <load_address>0x469b</load_address>
         <run_address>0x469b</run_address>
         <size>0x1b9</size>
         <input_file_ref idref="fl-3"/>
      </object_component>
      <object_component id="oc-6fe">
         <name>.debug_info</name>
         <load_address>0x4854</load_address>
         <run_address>0x4854</run_address>
         <size>0x155</size>
         <input_file_ref idref="fl-3"/>
      </object_component>
      <object_component id="oc-6ef">
         <name>.debug_info</name>
         <load_address>0x49a9</load_address>
         <run_address>0x49a9</run_address>
         <size>0x157</size>
         <input_file_ref idref="fl-3"/>
      </object_component>
      <object_component id="oc-3e7">
         <name>.debug_info</name>
         <load_address>0x4b00</load_address>
         <run_address>0x4b00</run_address>
         <size>0x124</size>
         <input_file_ref idref="fl-3"/>
      </object_component>
      <object_component id="oc-622">
         <name>.debug_info</name>
         <load_address>0x4c24</load_address>
         <run_address>0x4c24</run_address>
         <size>0x1ac</size>
         <input_file_ref idref="fl-6"/>
      </object_component>
      <object_component id="oc-628">
         <name>.debug_info</name>
         <load_address>0x4dd0</load_address>
         <run_address>0x4dd0</run_address>
         <size>0x1b0</size>
         <input_file_ref idref="fl-6"/>
      </object_component>
      <object_component id="oc-4f3">
         <name>.debug_info</name>
         <load_address>0x4f80</load_address>
         <run_address>0x4f80</run_address>
         <size>0x18b</size>
         <input_file_ref idref="fl-6"/>
      </object_component>
      <object_component id="oc-58b">
         <name>.debug_info</name>
         <load_address>0x510b</load_address>
         <run_address>0x510b</run_address>
         <size>0x268</size>
         <input_file_ref idref="fl-9"/>
      </object_component>
      <object_component id="oc-6ab">
         <name>.debug_info</name>
         <load_address>0x5373</load_address>
         <run_address>0x5373</run_address>
         <size>0xce</size>
         <input_file_ref idref="fl-9"/>
      </object_component>
      <object_component id="oc-651">
         <name>.debug_info</name>
         <load_address>0x5441</load_address>
         <run_address>0x5441</run_address>
         <size>0xca</size>
         <input_file_ref idref="fl-9"/>
      </object_component>
      <object_component id="oc-503">
         <name>.debug_info</name>
         <load_address>0x550b</load_address>
         <run_address>0x550b</run_address>
         <size>0x108</size>
         <input_file_ref idref="fl-9"/>
      </object_component>
      <object_component id="oc-5a4">
         <name>.debug_info</name>
         <load_address>0x5613</load_address>
         <run_address>0x5613</run_address>
         <size>0x10a</size>
         <input_file_ref idref="fl-9"/>
      </object_component>
      <object_component id="oc-5b0">
         <name>.debug_info</name>
         <load_address>0x571d</load_address>
         <run_address>0x571d</run_address>
         <size>0x108</size>
         <input_file_ref idref="fl-9"/>
      </object_component>
      <object_component id="oc-694">
         <name>.debug_info</name>
         <load_address>0x5825</load_address>
         <run_address>0x5825</run_address>
         <size>0x12c</size>
         <input_file_ref idref="fl-9"/>
      </object_component>
      <object_component id="oc-688">
         <name>.debug_info</name>
         <load_address>0x5951</load_address>
         <run_address>0x5951</run_address>
         <size>0x110</size>
         <input_file_ref idref="fl-9"/>
      </object_component>
      <object_component id="oc-5aa">
         <name>.debug_info</name>
         <load_address>0x5a61</load_address>
         <run_address>0x5a61</run_address>
         <size>0x142</size>
         <input_file_ref idref="fl-9"/>
      </object_component>
      <object_component id="oc-68e">
         <name>.debug_info</name>
         <load_address>0x5ba3</load_address>
         <run_address>0x5ba3</run_address>
         <size>0x136</size>
         <input_file_ref idref="fl-9"/>
      </object_component>
      <object_component id="oc-654">
         <name>.debug_info</name>
         <load_address>0x5cd9</load_address>
         <run_address>0x5cd9</run_address>
         <size>0x1cf</size>
         <input_file_ref idref="fl-9"/>
      </object_component>
      <object_component id="oc-585">
         <name>.debug_info</name>
         <load_address>0x5ea8</load_address>
         <run_address>0x5ea8</run_address>
         <size>0x1d1</size>
         <input_file_ref idref="fl-9"/>
      </object_component>
      <object_component id="oc-509">
         <name>.debug_info</name>
         <load_address>0x6079</load_address>
         <run_address>0x6079</run_address>
         <size>0x392</size>
         <input_file_ref idref="fl-9"/>
      </object_component>
      <object_component id="oc-58e">
         <name>.debug_info</name>
         <load_address>0x640b</load_address>
         <run_address>0x640b</run_address>
         <size>0x18b</size>
         <input_file_ref idref="fl-9"/>
      </object_component>
      <object_component id="oc-5ee">
         <name>.debug_info</name>
         <load_address>0x6596</load_address>
         <run_address>0x6596</run_address>
         <size>0x197</size>
         <input_file_ref idref="fl-9"/>
      </object_component>
      <object_component id="oc-4ba">
         <name>.debug_info</name>
         <load_address>0x672d</load_address>
         <run_address>0x672d</run_address>
         <size>0x1d4</size>
         <input_file_ref idref="fl-9"/>
      </object_component>
      <object_component id="oc-644">
         <name>.debug_info</name>
         <load_address>0x6901</load_address>
         <run_address>0x6901</run_address>
         <size>0x1bc</size>
         <input_file_ref idref="fl-9"/>
      </object_component>
      <object_component id="oc-64b">
         <name>.debug_info</name>
         <load_address>0x6abd</load_address>
         <run_address>0x6abd</run_address>
         <size>0x187</size>
         <input_file_ref idref="fl-9"/>
      </object_component>
      <object_component id="oc-455">
         <name>.debug_info</name>
         <load_address>0x6c44</load_address>
         <run_address>0x6c44</run_address>
         <size>0x184</size>
         <input_file_ref idref="fl-9"/>
      </object_component>
      <object_component id="oc-595">
         <name>.debug_info</name>
         <load_address>0x6dc8</load_address>
         <run_address>0x6dc8</run_address>
         <size>0x1ee</size>
         <input_file_ref idref="fl-9"/>
      </object_component>
      <object_component id="oc-680">
         <name>.debug_info</name>
         <load_address>0x6fb6</load_address>
         <run_address>0x6fb6</run_address>
         <size>0x169</size>
         <input_file_ref idref="fl-9"/>
      </object_component>
      <object_component id="oc-556">
         <name>.debug_info</name>
         <load_address>0x711f</load_address>
         <run_address>0x711f</run_address>
         <size>0x263</size>
         <input_file_ref idref="fl-9"/>
      </object_component>
      <object_component id="oc-464">
         <name>.debug_info</name>
         <load_address>0x7382</load_address>
         <run_address>0x7382</run_address>
         <size>0x1b8</size>
         <input_file_ref idref="fl-9"/>
      </object_component>
      <object_component id="oc-51e">
         <name>.debug_info</name>
         <load_address>0x753a</load_address>
         <run_address>0x753a</run_address>
         <size>0x1b1</size>
         <input_file_ref idref="fl-9"/>
      </object_component>
      <object_component id="oc-47c">
         <name>.debug_info</name>
         <load_address>0x76eb</load_address>
         <run_address>0x76eb</run_address>
         <size>0x1dc</size>
         <input_file_ref idref="fl-9"/>
      </object_component>
      <object_component id="oc-45b">
         <name>.debug_info</name>
         <load_address>0x78c7</load_address>
         <run_address>0x78c7</run_address>
         <size>0x153f</size>
         <input_file_ref idref="fl-9"/>
      </object_component>
      <object_component id="oc-69a">
         <name>.debug_info</name>
         <load_address>0x8e06</load_address>
         <run_address>0x8e06</run_address>
         <size>0x233</size>
         <input_file_ref idref="fl-a"/>
      </object_component>
      <object_component id="oc-46a">
         <name>.debug_info</name>
         <load_address>0x9039</load_address>
         <run_address>0x9039</run_address>
         <size>0x150</size>
         <input_file_ref idref="fl-a"/>
      </object_component>
      <object_component id="oc-55d">
         <name>.debug_info</name>
         <load_address>0x9189</load_address>
         <run_address>0x9189</run_address>
         <size>0x13d</size>
         <input_file_ref idref="fl-a"/>
      </object_component>
      <object_component id="oc-564">
         <name>.debug_info</name>
         <load_address>0x92c6</load_address>
         <run_address>0x92c6</run_address>
         <size>0x1eb</size>
         <input_file_ref idref="fl-a"/>
      </object_component>
      <object_component id="oc-59e">
         <name>.debug_info</name>
         <load_address>0x94b1</load_address>
         <run_address>0x94b1</run_address>
         <size>0x1c4</size>
         <input_file_ref idref="fl-a"/>
      </object_component>
      <object_component id="oc-6a2">
         <name>.debug_info</name>
         <load_address>0x9675</load_address>
         <run_address>0x9675</run_address>
         <size>0x309</size>
         <input_file_ref idref="fl-b"/>
      </object_component>
      <object_component id="oc-69c">
         <name>.debug_info</name>
         <load_address>0x997e</load_address>
         <run_address>0x997e</run_address>
         <size>0x13f</size>
         <input_file_ref idref="fl-b"/>
      </object_component>
      <object_component id="oc-476">
         <name>.debug_info</name>
         <load_address>0x9abd</load_address>
         <run_address>0x9abd</run_address>
         <size>0x157</size>
         <input_file_ref idref="fl-b"/>
      </object_component>
      <object_component id="oc-568">
         <name>.debug_info</name>
         <load_address>0x9c14</load_address>
         <run_address>0x9c14</run_address>
         <size>0x1da</size>
         <input_file_ref idref="fl-b"/>
      </object_component>
      <object_component id="oc-56e">
         <name>.debug_info</name>
         <load_address>0x9dee</load_address>
         <run_address>0x9dee</run_address>
         <size>0x1d8</size>
         <input_file_ref idref="fl-b"/>
      </object_component>
      <object_component id="oc-6a5">
         <name>.debug_info</name>
         <load_address>0x9fc6</load_address>
         <run_address>0x9fc6</run_address>
         <size>0x230</size>
         <input_file_ref idref="fl-c"/>
      </object_component>
      <object_component id="oc-470">
         <name>.debug_info</name>
         <load_address>0xa1f6</load_address>
         <run_address>0xa1f6</run_address>
         <size>0x151</size>
         <input_file_ref idref="fl-c"/>
      </object_component>
      <object_component id="oc-574">
         <name>.debug_info</name>
         <load_address>0xa347</load_address>
         <run_address>0xa347</run_address>
         <size>0x1f4</size>
         <input_file_ref idref="fl-c"/>
      </object_component>
      <object_component id="oc-669">
         <name>.debug_info</name>
         <load_address>0xa53b</load_address>
         <run_address>0xa53b</run_address>
         <size>0x1dc</size>
         <input_file_ref idref="fl-2d"/>
      </object_component>
      <object_component id="oc-52f">
         <name>.debug_info</name>
         <load_address>0xa717</load_address>
         <run_address>0xa717</run_address>
         <size>0x1f8</size>
         <input_file_ref idref="fl-2d"/>
      </object_component>
      <object_component id="oc-65d">
         <name>.debug_info</name>
         <load_address>0xa90f</load_address>
         <run_address>0xa90f</run_address>
         <size>0x94</size>
         <input_file_ref idref="fl-2d"/>
      </object_component>
      <object_component id="oc-711">
         <name>.debug_info</name>
         <load_address>0xa9a3</load_address>
         <run_address>0xa9a3</run_address>
         <size>0xe9</size>
         <input_file_ref idref="fl-2e"/>
      </object_component>
      <object_component id="oc-4c1">
         <name>.debug_info</name>
         <load_address>0xaa8c</load_address>
         <run_address>0xaa8c</run_address>
         <size>0xef</size>
         <input_file_ref idref="fl-2e"/>
      </object_component>
      <object_component id="oc-3bd">
         <name>.debug_info</name>
         <load_address>0xab7b</load_address>
         <run_address>0xab7b</run_address>
         <size>0xc6</size>
         <input_file_ref idref="fl-2f"/>
      </object_component>
      <object_component id="oc-ad">
         <name>.debug_info</name>
         <load_address>0xac41</load_address>
         <run_address>0xac41</run_address>
         <size>0x167</size>
         <input_file_ref idref="fl-30"/>
      </object_component>
      <object_component id="oc-3cc">
         <name>.debug_info</name>
         <load_address>0xada8</load_address>
         <run_address>0xada8</run_address>
         <size>0x197</size>
         <input_file_ref idref="fl-31"/>
      </object_component>
      <object_component id="oc-6e">
         <name>.debug_info</name>
         <load_address>0xaf3f</load_address>
         <run_address>0xaf3f</run_address>
         <size>0x199</size>
         <input_file_ref idref="fl-31"/>
      </object_component>
      <object_component id="oc-3c7">
         <name>.debug_info</name>
         <load_address>0xb0d8</load_address>
         <run_address>0xb0d8</run_address>
         <size>0x46</size>
         <input_file_ref idref="fl-31"/>
      </object_component>
      <object_component id="oc-448">
         <name>.debug_info</name>
         <load_address>0xb11e</load_address>
         <run_address>0xb11e</run_address>
         <size>0x2c</size>
         <input_file_ref idref="fl-31"/>
      </object_component>
      <object_component id="oc-3d4">
         <name>.debug_info</name>
         <load_address>0xb14a</load_address>
         <run_address>0xb14a</run_address>
         <size>0x154</size>
         <input_file_ref idref="fl-32"/>
      </object_component>
      <object_component id="oc-3d0">
         <name>.debug_info</name>
         <load_address>0xb29e</load_address>
         <run_address>0xb29e</run_address>
         <size>0x20b</size>
         <input_file_ref idref="fl-32"/>
      </object_component>
      <object_component id="oc-75">
         <name>.debug_info</name>
         <load_address>0xb4a9</load_address>
         <run_address>0xb4a9</run_address>
         <size>0x182</size>
         <input_file_ref idref="fl-32"/>
      </object_component>
      <object_component id="oc-3d5">
         <name>.debug_info</name>
         <load_address>0xb62b</load_address>
         <run_address>0xb62b</run_address>
         <size>0x39</size>
         <input_file_ref idref="fl-32"/>
      </object_component>
      <object_component id="oc-483">
         <name>.debug_info</name>
         <load_address>0xb664</load_address>
         <run_address>0xb664</run_address>
         <size>0xfe</size>
         <input_file_ref idref="fl-34"/>
      </object_component>
      <object_component id="oc-5ba">
         <name>.debug_info</name>
         <load_address>0xb762</load_address>
         <run_address>0xb762</run_address>
         <size>0xea</size>
         <input_file_ref idref="fl-35"/>
      </object_component>
      <object_component id="oc-4b5">
         <name>.debug_info</name>
         <load_address>0xb84c</load_address>
         <run_address>0xb84c</run_address>
         <size>0x101</size>
         <input_file_ref idref="fl-36"/>
      </object_component>
      <object_component id="oc-5e8">
         <name>.debug_info</name>
         <load_address>0xb94d</load_address>
         <run_address>0xb94d</run_address>
         <size>0xec</size>
         <input_file_ref idref="fl-37"/>
      </object_component>
      <object_component id="oc-67b">
         <name>.debug_info</name>
         <load_address>0xba39</load_address>
         <run_address>0xba39</run_address>
         <size>0x1d7</size>
         <input_file_ref idref="fl-38"/>
      </object_component>
      <object_component id="oc-547">
         <name>.debug_info</name>
         <load_address>0xbc10</load_address>
         <run_address>0xbc10</run_address>
         <size>0x218</size>
         <input_file_ref idref="fl-38"/>
      </object_component>
      <object_component id="oc-42d">
         <name>.debug_info</name>
         <load_address>0xbe28</load_address>
         <run_address>0xbe28</run_address>
         <size>0xe8</size>
         <input_file_ref idref="fl-39"/>
      </object_component>
      <object_component id="oc-54d">
         <name>.debug_info</name>
         <load_address>0xbf10</load_address>
         <run_address>0xbf10</run_address>
         <size>0x142</size>
         <input_file_ref idref="fl-3b"/>
      </object_component>
[...]
         <value>0x13034</value>
         <object_component_ref idref="oc-508"/>
      </symbol>
      <symbol id="sm-654">
         <name>OLED_Clear</name>
         <value>0x13c74</value>
         <object_component_ref idref="oc-454"/>
      </symbol>
      <symbol id="sm-655">
         <name>oled_pow</name>
         <value>0x14200</value>
         <object_component_ref idref="oc-67f"/>
      </symbol>
      <symbol id="sm-656">
         <name>OLED_ShowCHinese</name>
         <value>0x13916</value>
         <object_component_ref idref="oc-51d"/>
      </symbol>
      <symbol id="sm-657">
         <name>choose</name>
         <value>0x10000</value>
         <object_component_ref idref="oc-45a"/>
      </symbol>
      <symbol id="sm-658">
         <name>IIC_Init</name>
         <value>0x14332</value>
         <object_component_ref idref="oc-502"/>
      </symbol>
      <symbol id="sm-659">
         <name>IIC_ReadByte</name>
         <value>0x13e08</value>
         <object_component_ref idref="oc-68d"/>
      </symbol>
      <symbol id="sm-65a">
         <name>IIC_Start</name>
         <value>0x14034</value>
         <object_component_ref idref="oc-5a3"/>
      </symbol>
      <symbol id="sm-65b">
         <name>OLED_Fill</name>
         <value>0x13fa0</value>
         <object_component_ref idref="oc-4b9"/>
      </symbol>
      <symbol id="sm-65c">
         <name>IIC_Wait_Ack</name>
         <value>0x142f0</value>
         <object_component_ref idref="oc-687"/>
      </symbol>
      <symbol id="sm-65d">
         <name>IIC_SendByte</name>
         <value>0x13f00</value>
         <object_component_ref idref="oc-5a9"/>
      </symbol>
      <symbol id="sm-65e">
         <name>OLED_Set_Pos</name>
         <value>0x141b8</value>
         <object_component_ref idref="oc-64a"/>
      </symbol>
      <symbol id="sm-67f">
         <name>Read_BH1750FVI</name>
         <value>0x13ae8</value>
         <object_component_ref idref="oc-561"/>
      </symbol>
      <symbol id="sm-680">
         <name>BH_Write</name>
         <value>0x14168</value>
         <object_component_ref idref="oc-59c"/>
      </symbol>
      <symbol id="sm-681">
         <name>BH1750FVI_Init</name>
         <value>0x142c0</value>
         <object_component_ref idref="oc-469"/>
      </symbol>
      <symbol id="sm-682">
         <name>Start_BH1750</name>
         <value>0x14344</value>
         <object_component_ref idref="oc-55b"/>
      </symbol>
      <symbol id="sm-6b4">
         <name>IIC_Send</name>
         <value>0x135c0</value>
         <object_component_ref idref="oc-69b"/>
      </symbol>
      <symbol id="sm-6b5">
         <name>READ_T</name>
         <value>0x13528</value>
         <object_component_ref idref="oc-56d"/>
      </symbol>
      <symbol id="sm-6b6">
         <name>READ_RH</name>
         <value>0x13656</value>
         <object_component_ref idref="oc-567"/>
      </symbol>
      <symbol id="sm-6b7">
         <name>HTU21_Init</name>
         <value>0x1423e</value>
         <object_component_ref idref="oc-475"/>
      </symbol>
      <symbol id="sm-6ca">
         <name>UV_Init</name>
         <value>0x142a6</value>
         <object_component_ref idref="oc-46f"/>
      </symbol>
      <symbol id="sm-6cb">
         <name>UV_Read</name>
         <value>0x13a92</value>
         <object_component_ref idref="oc-573"/>
      </symbol>
      <symbol id="sm-6f2">
         <name>__mspabi_addd</name>
         <value>0x12162</value>
         <object_component_ref idref="oc-52e"/>
      </symbol>
      <symbol id="sm-702">
         <name>__mspabi_sral</name>
         <value>0x14354</value>
         <object_component_ref idref="oc-70f"/>
      </symbol>
      <symbol id="sm-703">
         <name>__mspabi_sral_15</name>
         <value>0x13e46</value>
         <object_component_ref idref="oc-4bf"/>
      </symbol>
      <symbol id="sm-704">
         <name>__mspabi_sral_14</name>
         <value>0x13e4a</value>
         <object_component_ref idref="oc-4bf"/>
      </symbol>
      <symbol id="sm-705">
         <name>__mspabi_sral_13</name>
         <value>0x13e4e</value>
         <object_component_ref idref="oc-4bf"/>
      </symbol>
      <symbol id="sm-706">
         <name>__mspabi_sral_12</name>
         <value>0x13e52</value>
         <object_component_ref idref="oc-4bf"/>
      </symbol>
      <symbol id="sm-707">
         <name>__mspabi_sral_11</name>
         <value>0x13e56</value>
         <object_component_ref idref="oc-4bf"/>
      </symbol>
      <symbol id="sm-708">
         <name>__mspabi_sral_10</name>
         <value>0x13e5a</value>
         <object_component_ref idref="oc-4bf"/>
      </symbol>
      <symbol id="sm-709">
         <name>__mspabi_sral_8</name>
         <value>0x13e62</value>
         <object_component_ref idref="oc-4bf"/>
      </symbol>
      <symbol id="sm-70a">
         <name>__mspabi_sral_9</name>
         <value>0x13e5e</value>
         <object_component_ref idref="oc-4bf"/>
      </symbol>
      <symbol id="sm-70b">
         <name>__mspabi_sral_6</name>
         <value>0x13e6a</value>
         <object_component_ref idref="oc-4bf"/>
      </symbol>
      <symbol id="sm-70c">
         <name>__mspabi_sral_7</name>
         <value>0x13e66</value>
         <object_component_ref idref="oc-4bf"/>
      </symbol>
      <symbol id="sm-70d">
         <name>__mspabi_sral_4</name>
         <value>0x13e72</value>
         <object_component_ref idref="oc-4bf"/>
      </symbol>
      <symbol id="sm-70e">
         <name>__mspabi_sral_5</name>
         <value>0x13e6e</value>
         <object_component_ref idref="oc-4bf"/>
      </symbol>
      <symbol id="sm-70f">
         <name>__mspabi_sral_2</name>
         <value>0x13e7a</value>
         <object_component_ref idref="oc-4bf"/>
      </symbol>
      <symbol id="sm-710">
         <name>__mspabi_sral_3</name>
         <value>0x13e76</value>
         <object_component_ref idref="oc-4bf"/>
      </symbol>
      <symbol id="sm-711">
         <name>__mspabi_sral_1</name>
         <value>0x13e7e</value>
         <object_component_ref idref="oc-4bf"/>
      </symbol>
      <symbol id="sm-719">
         <name>_stack</name>
         <value>0x42c0</value>
         <object_component_ref idref="oc-3bc"/>
      </symbol>
      <symbol id="sm-71a">
         <name>_reset_vector</name>
         <value>0xfffe</value>
         <object_component_ref idref="oc-3bf"/>
      </symbol>
      <symbol id="sm-724">
         <name>_c_int00_noargs_noexit</name>
         <value>0x4b6a</value>
         <object_component_ref idref="oc-ac"/>
      </symbol>
      <symbol id="sm-73a">
         <name>__TI_decompress_none</name>
         <value>0x14306</value>
         <object_component_ref idref="oc-6c"/>
      </symbol>
      <symbol id="sm-75c">
         <name>__TI_decompress_rle24</name>
         <value>0x143b4</value>
         <object_component_ref idref="oc-72"/>
      </symbol>
      <symbol id="sm-769">
         <name>__mspabi_remi</name>
         <value>0x140e8</value>
         <object_component_ref idref="oc-482"/>
      </symbol>
      <symbol id="sm-76a">
         <name>__mspabi_divi</name>
         <value>0x140e8</value>
         <object_component_ref idref="oc-482"/>
      </symbol>
      <symbol id="sm-774">
         <name>__mspabi_remu</name>
         <value>0x1431c</value>
         <object_component_ref idref="oc-5b8"/>
      </symbol>
      <symbol id="sm-775">
         <name>__mspabi_divu</name>
         <value>0x1431c</value>
         <object_component_ref idref="oc-5b8"/>
      </symbol>
      <symbol id="sm-781">
         <name>__mspabi_remli</name>
         <value>0x13dc8</value>
         <object_component_ref idref="oc-4b4"/>
      </symbol>
      <symbol id="sm-782">
         <name>__mspabi_divli</name>
         <value>0x13dc8</value>
         <object_component_ref idref="oc-4b4"/>
      </symbol>
      <symbol id="sm-790">
         <name>__mspabi_remul</name>
         <value>0x13a3a</value>
         <object_component_ref idref="oc-5e7"/>
      </symbol>
      <symbol id="sm-791">
         <name>__mspabi_divul</name>
         <value>0x13a3a</value>
         <object_component_ref idref="oc-5e7"/>
      </symbol>
      <symbol id="sm-7b2">
         <name>__mspabi_divd</name>
         <value>0x1290e</value>
         <object_component_ref idref="oc-546"/>
      </symbol>
      <symbol id="sm-7bc">
         <name>C$$EXIT</name>
         <value>0x143ae</value>
         <object_component_ref idref="oc-42c"/>
      </symbol>
      <symbol id="sm-7bd">
         <name>abort</name>
         <value>0x143ae</value>
         <object_component_ref idref="oc-42c"/>
      </symbol>
      <symbol id="sm-7cb">
         <name>__mspabi_fixdi</name>
         <value>0x14190</value>
         <object_component_ref idref="oc-54c"/>
      </symbol>
      <symbol id="sm-7da">
         <name>__mspabi_fixdli</name>
         <value>0x1397c</value>
         <object_component_ref idref="oc-5d7"/>
      </symbol>
      <symbol id="sm-7e3">
         <name>__mspabi_fltid</name>
         <value>0x14384</value>
         <object_component_ref idref="oc-53a"/>
      </symbol>
      <symbol id="sm-7fb">
         <name>__mspabi_fltlid</name>
         <value>0x133f0</value>
         <object_component_ref idref="oc-528"/>
      </symbol>
      <symbol id="sm-81c">
         <name>__TI_frcaddd</name>
         <value>0x126bc</value>
         <object_component_ref idref="oc-662"/>
      </symbol>
      <symbol id="sm-837">
         <name>__TI_frcdivd</name>
         <value>0x119f8</value>
         <object_component_ref idref="oc-674"/>
      </symbol>
      <symbol id="sm-83a">
         <name>__TI_int41</name>
         <value>0xffd2</value>
         <object_component_ref idref="oc-78"/>
      </symbol>
      <symbol id="sm-83d">
         <name>__TI_int43</name>
         <value>0xffd6</value>
         <object_component_ref idref="oc-7a"/>
      </symbol>
      <symbol id="sm-840">
         <name>__TI_int44</name>
         <value>0xffd8</value>
         <object_component_ref idref="oc-7b"/>
      </symbol>
      <symbol id="sm-843">
         <name>__TI_int46</name>
         <value>0xffdc</value>
         <object_component_ref idref="oc-7d"/>
      </symbol>
      <symbol id="sm-846">
         <name>__TI_int48</name>
         <value>0xffe0</value>
         <object_component_ref idref="oc-7f"/>
      </symbol>
      <symbol id="sm-849">
         <name>__TI_int49</name>
         <value>0xffe2</value>
         <object_component_ref idref="oc-80"/>
      </symbol>
      <symbol id="sm-84c">
         <name>__TI_int50</name>
         <value>0xffe4</value>
         <object_component_ref idref="oc-81"/>
      </symbol>
      <symbol id="sm-84f">
         <name>__TI_int51</name>
         <value>0xffe6</value>
         <object_component_ref idref="oc-82"/>
      </symbol>
      <symbol id="sm-852">
         <name>__TI_int52</name>
         <value>0xffe8</value>
         <object_component_ref idref="oc-83"/>
      </symbol>
      <symbol id="sm-855">
         <name>__TI_int54</name>
         <value>0xffec</value>
         <object_component_ref idref="oc-85"/>
      </symbol>
      <symbol id="sm-858">
         <name>__TI_int55</name>
         <value>0xffee</value>
         <object_component_ref idref="oc-86"/>
      </symbol>
      <symbol id="sm-85b">
         <name>__TI_int57</name>
         <value>0xfff2</value>
         <object_component_ref idref="oc-88"/>
      </symbol>
      <symbol id="sm-85e">
         <name>__TI_int58</name>
         <value>0xfff4</value>
         <object_component_ref idref="oc-89"/>
      </symbol>
      <symbol id="sm-861">
         <name>__TI_int59</name>
         <value>0xfff6</value>
         <object_component_ref idref="oc-8a"/>
      </symbol>
      <symbol id="sm-864">
         <name>__TI_int60</name>
         <value>0xfff8</value>
         <object_component_ref idref="oc-8b"/>
      </symbol>
      <symbol id="sm-867">
         <name>__TI_int61</name>
         <value>0xfffa</value>
         <object_component_ref idref="oc-8c"/>
      </symbol>
      <symbol id="sm-86a">
         <name>__TI_int62</name>
         <value>0xfffc</value>
         <object_component_ref idref="oc-8d"/>
      </symbol>
      <symbol id="sm-872">
         <name>__TI_ISR_TRAP</name>
         <value>0x4b98</value>
         <object_component_ref idref="oc-3da"/>
      </symbol>
      <symbol id="sm-87b">
         <name>__mspabi_slli</name>
         <value>0x143a4</value>
         <object_component_ref idref="oc-6c5"/>
      </symbol>
      <symbol id="sm-88b">
         <name>__mspabi_slll_9</name>
         <value>0x13e9c</value>
         <object_component_ref idref="oc-5c1"/>
      </symbol>
      <symbol id="sm-88c">
         <name>__mspabi_slll_8</name>
         <value>0x13ea0</value>
         <object_component_ref idref="oc-5c1"/>
      </symbol>
      <symbol id="sm-88d">
         <name>__mspabi_slll_7</name>
         <value>0x13ea4</value>
         <object_component_ref idref="oc-5c1"/>
      </symbol>
      <symbol id="sm-88e">
         <name>__mspabi_slll_6</name>
         <value>0x13ea8</value>
         <object_component_ref idref="oc-5c1"/>
      </symbol>
      <symbol id="sm-88f">
         <name>__mspabi_slll_5</name>
         <value>0x13eac</value>
         <object_component_ref idref="oc-5c1"/>
      </symbol>
      <symbol id="sm-890">
         <name>__mspabi_slll_4</name>
         <value>0x13eb0</value>
         <object_component_ref idref="oc-5c1"/>
      </symbol>
      <symbol id="sm-891">
         <name>__mspabi_slll_3</name>
         <value>0x13eb4</value>
         <object_component_ref idref="oc-5c1"/>
      </symbol>
      <symbol id="sm-892">
         <name>__mspabi_slll_2</name>
         <value>0x13eb8</value>
         <object_component_ref idref="oc-5c1"/>
      </symbol>
      <symbol id="sm-893">
         <name>__mspabi_slll_1</name>
         <value>0x13ebc</value>
         <object_component_ref idref="oc-5c1"/>
      </symbol>
      <symbol id="sm-894">
         <name>__mspabi_slll</name>
         <value>0x14364</value>
         <object_component_ref idref="oc-70a"/>
      </symbol>
      <symbol id="sm-895">
         <name>__mspabi_slll_15</name>
         <value>0x13e84</value>
         <object_component_ref idref="oc-5c1"/>
      </symbol>
      <symbol id="sm-896">
         <name>__mspabi_slll_14</name>
         <value>0x13e88</value>
         <object_component_ref idref="oc-5c1"/>
      </symbol>
      <symbol id="sm-897">
         <name>__mspabi_slll_13</name>
         <value>0x13e8c</value>
         <object_component_ref idref="oc-5c1"/>
      </symbol>
      <symbol id="sm-898">
         <name>__mspabi_slll_12</name>
         <value>0x13e90</value>
         <object_component_ref idref="oc-5c1"/>
      </symbol>
      <symbol id="sm-899">
         <name>__mspabi_slll_11</name>
         <value>0x13e94</value>
         <object_component_ref idref="oc-5c1"/>
      </symbol>
      <symbol id="sm-89a">
         <name>__mspabi_slll_10</name>
         <value>0x13e98</value>
         <object_component_ref idref="oc-5c1"/>
      </symbol>
      <symbol id="sm-8aa">
         <name>__mspabi_srll_8</name>
         <value>0x13ede</value>
         <object_component_ref idref="oc-498"/>
      </symbol>
      <symbol id="sm-8ab">
         <name>__mspabi_srll_9</name>
         <value>0x13eda</value>
         <object_component_ref idref="oc-498"/>
      </symbol>
      <symbol id="sm-8ac">
         <name>__mspabi_srll_6</name>
         <value>0x13ee6</value>
         <object_component_ref idref="oc-498"/>
      </symbol>
      <symbol id="sm-8ad">
         <name>__mspabi_srll_7</name>
         <value>0x13ee2</value>
         <object_component_ref idref="oc-498"/>
      </symbol>
      <symbol id="sm-8ae">
         <name>__mspabi_srll_4</name>
         <value>0x13eee</value>
         <object_component_ref idref="oc-498"/>
      </symbol>
      <symbol id="sm-8af">
         <name>__mspabi_srll_5</name>
         <value>0x13eea</value>
         <object_component_ref idref="oc-498"/>
      </symbol>
      <symbol id="sm-8b0">
         <name>__mspabi_srll_2</name>
         <value>0x13ef6</value>
         <object_component_ref idref="oc-498"/>
      </symbol>
      <symbol id="sm-8b1">
         <name>__mspabi_srll_3</name>
         <value>0x13ef2</value>
         <object_component_ref idref="oc-498"/>
      </symbol>
      <symbol id="sm-8b2">
         <name>__mspabi_srll_1</name>
         <value>0x13efa</value>
         <object_component_ref idref="oc-498"/>
      </symbol>
      <symbol id="sm-8b3">
         <name>__mspabi_srll_15</name>
         <value>0x13ec2</value>
         <object_component_ref idref="oc-498"/>
      </symbol>
      <symbol id="sm-8b4">
         <name>__mspabi_srll_14</name>
         <value>0x13ec6</value>
         <object_component_ref idref="oc-498"/>
      </symbol>
      <symbol id="sm-8b5">
         <name>__mspabi_srll_13</name>
         <value>0x13eca</value>
         <object_component_ref idref="oc-498"/>
      </symbol>
      <symbol id="sm-8b6">
         <name>__mspabi_srll_12</name>
         <value>0x13ece</value>
         <object_component_ref idref="oc-498"/>
      </symbol>
      <symbol id="sm-8b7">
         <name>__mspabi_srll_11</name>
         <value>0x13ed2</value>
         <object_component_ref idref="oc-498"/>
      </symbol>
      <symbol id="sm-8b8">
         <name>__mspabi_srll_10</name>
         <value>0x13ed6</value>
         <object_component_ref idref="oc-498"/>
      </symbol>
      <symbol id="sm-8b9">
         <name>__mspabi_srll</name>
         <value>0x14374</value>
         <object_component_ref idref="oc-6ba"/>
      </symbol>
      <symbol id="sm-8c9">
         <name>memcpy</name>
         <value>0x1413e</value>
         <object_component_ref idref="oc-3c0"/>
      </symbol>
      <symbol id="sm-8ea">
         <name>__mspabi_mpyd</name>
         <value>0x1243a</value>
         <object_component_ref idref="oc-534"/>
      </symbol>
      <symbol id="sm-8f4">
         <name>__mspabi_mpyi_f5hw</name>
         <value>0x142d8</value>
         <object_component_ref idref="oc-48a"/>
      </symbol>
      <symbol id="sm-8fe">
         <name>__mspabi_mpyl_f5hw</name>
         <value>0x141dc</value>
         <object_component_ref idref="oc-523"/>
      </symbol>
      <symbol id="sm-908">
         <name>_system_pre_init</name>
         <value>0x143ba</value>
         <object_component_ref idref="oc-404"/>
      </symbol>
      <symbol id="sm-91c">
         <name>__TI_renormd</name>
         <value>0x131f2</value>
         <object_component_ref idref="oc-714"/>
      </symbol>
      <symbol id="sm-925">
         <name>__mspabi_subd</name>
         <value>0x13fd2</value>
         <object_component_ref idref="oc-540"/>
      </symbol>
      <symbol id="sm-948">
         <name>_auto_init_hold_wdt</name>
         <value>0x132a4</value>
         <object_component_ref idref="oc-40a"/>
      </symbol>
      <symbol id="sm-95e">
         <name>copy_in</name>
         <value>0x13764</value>
         <object_component_ref idref="oc-4c9"/>
      </symbol>
      <symbol id="sm-96f">
         <name>__TI_frcmpyd</name>
         <value>0x11e7e</value>
         <object_component_ref idref="oc-66a"/>
      </symbol>
      <symbol id="sm-978">
         <name>_system_post_cinit</name>
         <value>0x143be</value>
         <object_component_ref idref="oc-4cf"/>
      </symbol>
      <symbol id="sm-97a">
         <name>__TI_BINIT_Base</name>
         <value>0x0</value>
      </symbol>
      <symbol id="sm-97b">
         <name>__TI_BINIT_Limit</name>
         <value>0x0</value>
      </symbol>
      <symbol id="sm-97c">
         <name>__TI_INITARRAY_Base</name>
         <value>0x0</value>
      </symbol>
      <symbol id="sm-97d">
         <name>__TI_INITARRAY_Limit</name>
         <value>0x0</value>
      </symbol>
   </symbol_table>
   <title>Link successful</title>
</link_info>
